#
# There is insufficient memory for the Java Runtime Environment to continue.
# Native memory allocation (malloc) failed to allocate 1048272 bytes. Error detail: Chunk::new
# Possible reasons:
#   The system is out of physical RAM or swap space
#   This process is running with CompressedOops enabled, and the Java Heap may be blocking the growth of the native heap
# Possible solutions:
#   Reduce memory load on the system
#   Increase physical memory or swap space
#   Check if swap backing store is full
#   Decrease Java heap size (-Xmx/-Xms)
#   Decrease number of Java threads
#   Decrease Java thread stack sizes (-Xss)
#   Set larger code cache with -XX:ReservedCodeCacheSize=
#   JVM is running with Unscaled Compressed Oops mode in which the Java heap is
#     placed in the first 4GB address space. The Java Heap base address is the
#     maximum limit for the native heap growth. Please use -XX:HeapBaseMinAddress
#     to set the Java Heap base and to place the Java Heap above 4GB virtual address.
# This output file may be truncated or incomplete.
#
#  Out of Memory Error (arena.cpp:168), pid=17376, tid=20388
#
# JRE version: OpenJDK Runtime Environment Temurin-21.0.10+7 (21.0.10+7) (build 21.0.10+7-LTS)
# Java VM: OpenJDK 64-Bit Server VM Temurin-21.0.10+7 (21.0.10+7-LTS, mixed mode, sharing, tiered, compressed oops, compressed class ptrs, parallel gc, windows-amd64)
# No core dump will be written. Minidumps are not enabled by default on client versions of Windows
#

---------------  S U M M A R Y ------------

Command Line: --add-modules=ALL-SYSTEM --add-opens=java.base/java.util=ALL-UNNAMED --add-opens=java.base/java.lang=ALL-UNNAMED --add-opens=java.base/sun.nio.fs=ALL-UNNAMED -Declipse.application=org.eclipse.jdt.ls.core.id1 -Dosgi.bundles.defaultStartLevel=4 -Declipse.product=org.eclipse.jdt.ls.core.product -Djava.import.generatesMetadataFilesAtProjectRoot=false -DDetectVMInstallationsJob.disabled=true -Dfile.encoding=utf8 -XX:+UseParallelGC -XX:GCTimeRatio=4 -XX:AdaptiveSizePolicyWeight=90 -Dsun.zip.disableMemoryMapping=true -Xmx2G -Xms100m -Xlog:disable -javaagent:c:\Users\DELL\.antigravity-ide\extensions\redhat.java-1.54.0-win32-x64\lombok\lombok-1.18.39-4050.jar -XX:+HeapDumpOnOutOfMemoryError -XX:HeapDumpPath=c:\Users\DELL\AppData\Roaming\Antigravity IDE\User\workspaceStorage\abd115632e31190b15b7e8e5bd60e4c9\redhat.java -Daether.dependencyCollector.impl=bf c:\Users\DELL\.antigravity-ide\extensions\redhat.java-1.54.0-win32-x64\server\plugins\org.eclipse.equinox.launcher_1.7.100.v20251111-0406.jar -configuration c:\Users\DELL\AppData\Roaming\Antigravity IDE\User\globalStorage\redhat.java\1.54.0\config_win -data c:\Users\DELL\AppData\Roaming\Antigravity IDE\User\workspaceStorage\abd115632e31190b15b7e8e5bd60e4c9\redhat.java\jdt_ws --pipe=\\.\pipe\lsp-dc8e300f3b57a55eace12ef94ceaf9dd-sock

Host: 12th Gen Intel(R) Core(TM) i5-1235U, 12 cores, 15G,  Windows 11 , 64 bit Build 26100 (10.0.26100.8328)
Time: Mon Jun 22 23:40:26 2026 SE Asia Standard Time elapsed time: 9.501047 seconds (0d 0h 0m 9s)

---------------  T H R E A D  ---------------

Current thread (0x00000161e8ba3fd0):  JavaThread "C2 CompilerThread1" daemon [_thread_in_native, id=20388, stack(0x0000001628c00000,0x0000001628d00000) (1024K)]


Current CompileTask:
C2:9501 4226       4       org.eclipse.osgi.internal.loader.ModuleClassLoader::toString (80 bytes)

Stack: [0x0000001628c00000,0x0000001628d00000]
Native frames: (J=compiled Java code, j=interpreted, Vv=VM code, C=native code)
V  [jvm.dll+0x6d7a39]
V  [jvm.dll+0x8b4b26]
V  [jvm.dll+0x8b70de]
V  [jvm.dll+0x8b77c3]
V  [jvm.dll+0x284346]
V  [jvm.dll+0xc66ed]
V  [jvm.dll+0xc6c31]
V  [jvm.dll+0x3bec3b]
V  [jvm.dll+0x38b162]
V  [jvm.dll+0x38a5aa]
V  [jvm.dll+0x24c560]
V  [jvm.dll+0x24bb40]
V  [jvm.dll+0x1cb34e]
V  [jvm.dll+0x25b85d]
V  [jvm.dll+0x259dea]
V  [jvm.dll+0x3f857e]
V  [jvm.dll+0x85f59d]
V  [jvm.dll+0x6d626d]
C  [ucrtbase.dll+0x37b0]
C  [KERNEL32.DLL+0x2e957]
C  [ntdll.dll+0x427c]


---------------  P R O C E S S  ---------------

Threads class SMR info:
_java_thread_list=0x00000161ea593640, length=42, elements={
0x0000016189f4e970, 0x0000016189ff8010, 0x0000016189ffb480, 0x0000016189fff280,
0x0000016189fffce0, 0x000001618a000740, 0x000001618a0011a0, 0x000001618a0043f0,
0x000001618a00c770, 0x00000161e2ff69e0, 0x00000161e313a280, 0x00000161e848b290,
0x00000161e89a10f0, 0x00000161e8972220, 0x00000161e88670e0, 0x00000161e8d66810,
0x00000161e929ec50, 0x00000161e8421c90, 0x00000161e8d4b070, 0x00000161e8d4bd90,
0x00000161e8d48fa0, 0x00000161e8ba3fd0, 0x00000161e8d4a350, 0x00000161eaae0080,
0x00000161e8d49cc0, 0x00000161e8d49630, 0x00000161e8d4b700, 0x00000161e8d4a9e0,
0x00000161e8d4c420, 0x00000161e8c9a570, 0x00000161e8c9ccd0, 0x00000161e8c9d360,
0x00000161e8c9b290, 0x00000161e8c9ac00, 0x00000161e8c9d9f0, 0x00000161e8c9b920,
0x00000161e8c9bfb0, 0x00000161e8c9c640, 0x00000161ea81c5c0, 0x00000161ea81ed20,
0x00000161ea81e000, 0x00000161ea81d970
}

Java Threads: ( => current thread )
  0x0000016189f4e970 JavaThread "main"                              [_thread_in_native, id=19976, stack(0x0000001626b00000,0x0000001626c00000) (1024K)]
  0x0000016189ff8010 JavaThread "Reference Handler"          daemon [_thread_blocked, id=21720, stack(0x0000001626f00000,0x0000001627000000) (1024K)]
  0x0000016189ffb480 JavaThread "Finalizer"                  daemon [_thread_blocked, id=9232, stack(0x0000001627000000,0x0000001627100000) (1024K)]
  0x0000016189fff280 JavaThread "Signal Dispatcher"          daemon [_thread_blocked, id=22208, stack(0x0000001627100000,0x0000001627200000) (1024K)]
  0x0000016189fffce0 JavaThread "Attach Listener"            daemon [_thread_blocked, id=21984, stack(0x0000001627200000,0x0000001627300000) (1024K)]
  0x000001618a000740 JavaThread "Service Thread"             daemon [_thread_blocked, id=9212, stack(0x0000001627300000,0x0000001627400000) (1024K)]
  0x000001618a0011a0 JavaThread "Monitor Deflation Thread"   daemon [_thread_blocked, id=12548, stack(0x0000001627400000,0x0000001627500000) (1024K)]
  0x000001618a0043f0 JavaThread "C2 CompilerThread0"         daemon [_thread_in_native, id=6048, stack(0x0000001627500000,0x0000001627600000) (1024K)]
  0x000001618a00c770 JavaThread "C1 CompilerThread0"         daemon [_thread_blocked, id=16808, stack(0x0000001627600000,0x0000001627700000) (1024K)]
  0x00000161e2ff69e0 JavaThread "Common-Cleaner"             daemon [_thread_blocked, id=21488, stack(0x0000001627700000,0x0000001627800000) (1024K)]
  0x00000161e313a280 JavaThread "Notification Thread"        daemon [_thread_blocked, id=20496, stack(0x0000001627900000,0x0000001627a00000) (1024K)]
  0x00000161e848b290 JavaThread "Active Thread: Equinox Container: e3962d4d-ffdf-4edd-92e4-0dd9e8730347"        [_thread_blocked, id=9156, stack(0x0000001628100000,0x0000001628200000) (1024K)]
  0x00000161e89a10f0 JavaThread "Refresh Thread: Equinox Container: e3962d4d-ffdf-4edd-92e4-0dd9e8730347" daemon [_thread_blocked, id=22064, stack(0x0000001628300000,0x0000001628400000) (1024K)]
  0x00000161e8972220 JavaThread "Framework Event Dispatcher: Equinox Container: e3962d4d-ffdf-4edd-92e4-0dd9e8730347" daemon [_thread_blocked, id=22356, stack(0x0000001628400000,0x0000001628500000) (1024K)]
  0x00000161e88670e0 JavaThread "Start Level: Equinox Container: e3962d4d-ffdf-4edd-92e4-0dd9e8730347" daemon [_thread_blocked, id=12376, stack(0x0000001628500000,0x0000001628600000) (1024K)]
  0x00000161e8d66810 JavaThread "Bundle File Closer"         daemon [_thread_blocked, id=884, stack(0x0000001628800000,0x0000001628900000) (1024K)]
  0x00000161e929ec50 JavaThread "SCR Component Actor"        daemon [_thread_blocked, id=19504, stack(0x0000001627800000,0x0000001627900000) (1024K)]
  0x00000161e8421c90 JavaThread "Worker-JM"                         [_thread_blocked, id=14992, stack(0x0000001628a00000,0x0000001628b00000) (1024K)]
  0x00000161e8d4b070 JavaThread "JNA Cleaner"                daemon [_thread_blocked, id=12268, stack(0x0000001627a00000,0x0000001627b00000) (1024K)]
  0x00000161e8d4bd90 JavaThread "Worker-0: Initialize After Load"        [_thread_blocked, id=21568, stack(0x0000001628900000,0x0000001628a00000) (1024K)]
  0x00000161e8d48fa0 JavaThread "Worker-1: Loading available Gradle versions"        [_thread_in_Java, id=21596, stack(0x0000001628b00000,0x0000001628c00000) (1024K)]
=>0x00000161e8ba3fd0 JavaThread "C2 CompilerThread1"         daemon [_thread_in_native, id=20388, stack(0x0000001628c00000,0x0000001628d00000) (1024K)]
  0x00000161e8d4a350 JavaThread "Java indexing"              daemon [_thread_blocked, id=1824, stack(0x0000001628d00000,0x0000001628e00000) (1024K)]
  0x00000161eaae0080 JavaThread "C2 CompilerThread2"         daemon [_thread_in_native, id=21580, stack(0x0000001628e00000,0x0000001628f00000) (1024K)]
  0x00000161e8d49cc0 JavaThread "Worker-2: Updating Maven Dependencies"        [_thread_in_Java, id=18848, stack(0x0000001629200000,0x0000001629300000) (1024K)]
  0x00000161e8d49630 JavaThread "Worker-3: Repository registry initialization"        [_thread_blocked, id=21460, stack(0x0000001629300000,0x0000001629400000) (1024K)]
  0x00000161e8d4b700 JavaThread "Worker-4"                          [_thread_blocked, id=13004, stack(0x0000001629400000,0x0000001629500000) (1024K)]
  0x00000161e8d4a9e0 JavaThread "Worker-5"                          [_thread_blocked, id=13632, stack(0x0000001629500000,0x0000001629600000) (1024K)]
  0x00000161e8d4c420 JavaThread "Worker-6"                          [_thread_blocked, id=6112, stack(0x0000001629600000,0x0000001629700000) (1024K)]
  0x00000161e8c9a570 JavaThread "Thread-1"                   daemon [_thread_in_native, id=12240, stack(0x0000001629700000,0x0000001629800000) (1024K)]
  0x00000161e8c9ccd0 JavaThread "Thread-2"                   daemon [_thread_in_native, id=1600, stack(0x0000001629800000,0x0000001629900000) (1024K)]
  0x00000161e8c9d360 JavaThread "Thread-3"                   daemon [_thread_in_native, id=12632, stack(0x0000001629900000,0x0000001629a00000) (1024K)]
  0x00000161e8c9b290 JavaThread "Thread-4"                   daemon [_thread_in_native, id=13572, stack(0x0000001629a00000,0x0000001629b00000) (1024K)]
  0x00000161e8c9ac00 JavaThread "Thread-5"                   daemon [_thread_in_native, id=21104, stack(0x0000001629b00000,0x0000001629c00000) (1024K)]
  0x00000161e8c9d9f0 JavaThread "Thread-6"                   daemon [_thread_in_native, id=7300, stack(0x0000001629c00000,0x0000001629d00000) (1024K)]
  0x00000161e8c9b920 JavaThread "Thread-7"                   daemon [_thread_in_native, id=18968, stack(0x0000001629d00000,0x0000001629e00000) (1024K)]
  0x00000161e8c9bfb0 JavaThread "Thread-8"                   daemon [_thread_in_native, id=11616, stack(0x0000001629e00000,0x0000001629f00000) (1024K)]
  0x00000161e8c9c640 JavaThread "Thread-9"                   daemon [_thread_in_native, id=21664, stack(0x0000001629f00000,0x000000162a000000) (1024K)]
  0x00000161ea81c5c0 JavaThread "Thread-10"                  daemon [_thread_in_native, id=12544, stack(0x000000162a000000,0x000000162a100000) (1024K)]
  0x00000161ea81ed20 JavaThread "Thread-11"                  daemon [_thread_in_native, id=17352, stack(0x000000162a100000,0x000000162a200000) (1024K)]
  0x00000161ea81e000 JavaThread "Thread-12"                  daemon [_thread_in_native, id=12328, stack(0x000000162a200000,0x000000162a300000) (1024K)]
  0x00000161ea81d970 JavaThread "Thread-13"                  daemon [_thread_in_native, id=16992, stack(0x000000162a300000,0x000000162a400000) (1024K)]
Total: 42

Other Threads:
  0x00000161e2e01170 VMThread "VM Thread"                           [id=18392, stack(0x0000001626e00000,0x0000001626f00000) (1024K)]
  0x00000161a08dba00 WatcherThread "VM Periodic Task Thread"        [id=5184, stack(0x0000001626d00000,0x0000001626e00000) (1024K)]
  0x0000016189f6cb50 WorkerThread "GC Thread#0"                     [id=3932, stack(0x0000001626c00000,0x0000001626d00000) (1024K)]
  0x00000161e8592110 WorkerThread "GC Thread#1"                     [id=22020, stack(0x0000001627b00000,0x0000001627c00000) (1024K)]
  0x00000161e87d7b00 WorkerThread "GC Thread#2"                     [id=920, stack(0x0000001627c00000,0x0000001627d00000) (1024K)]
  0x00000161e87d7eb0 WorkerThread "GC Thread#3"                     [id=2072, stack(0x0000001627d00000,0x0000001627e00000) (1024K)]
  0x00000161e83bd690 WorkerThread "GC Thread#4"                     [id=4244, stack(0x0000001627e00000,0x0000001627f00000) (1024K)]
  0x00000161e83bda40 WorkerThread "GC Thread#5"                     [id=6712, stack(0x0000001627f00000,0x0000001628000000) (1024K)]
  0x00000161e83be600 WorkerThread "GC Thread#6"                     [id=14876, stack(0x0000001628000000,0x0000001628100000) (1024K)]
  0x00000161e8953a10 WorkerThread "GC Thread#7"                     [id=15464, stack(0x0000001628200000,0x0000001628300000) (1024K)]
  0x00000161e8e67bc0 WorkerThread "GC Thread#8"                     [id=18232, stack(0x0000001628600000,0x0000001628700000) (1024K)]
  0x00000161e8d20600 WorkerThread "GC Thread#9"                     [id=18748, stack(0x0000001628700000,0x0000001628800000) (1024K)]
Total: 12

Threads with active compile tasks:
C2 CompilerThread0  9540 4326       4       org.eclipse.osgi.internal.serviceregistry.ServiceRegistry::notifyHooksPrivileged (57 bytes)
C2 CompilerThread1  9540 4226       4       org.eclipse.osgi.internal.loader.ModuleClassLoader::toString (80 bytes)
C2 CompilerThread2  9540 4219       4       org.eclipse.osgi.internal.loader.BundleLoader::addExportedProvidersFor (167 bytes)
Total: 3

VM state: not at safepoint (normal execution)

VM Mutex/Monitor currently owned by a thread: None

Heap address: 0x0000000080000000, size: 2048 MB, Compressed Oops mode: 32-bit

CDS archive(s) mapped at: [0x00000161a1000000-0x00000161a1ba0000-0x00000161a1ba0000), size 12189696, SharedBaseAddress: 0x00000161a1000000, ArchiveRelocationMode: 1.
Compressed class space mapped at: 0x00000161a2000000-0x00000161e2000000, reserved size: 1073741824
Narrow klass base: 0x00000161a1000000, Narrow klass shift: 0, Narrow klass range: 0x100000000

GC Precious Log:
 CardTable entry size: 512
 CPUs: 12 total, 12 available
 Memory: 16068M
 Large Page Support: Disabled
 NUMA Support: Disabled
 Compressed Oops: Enabled (32-bit)
 Alignments: Space 512K, Generation 512K, Heap 2M
 Heap Min Capacity: 100M
 Heap Initial Capacity: 100M
 Heap Max Capacity: 2G
 Pre-touch: Disabled
 Parallel Workers: 10

Heap:
 PSYoungGen      total 24064K, used 8350K [0x00000000d5580000, 0x00000000d7200000, 0x0000000100000000)
  eden space 22016K, 28% used [0x00000000d5580000,0x00000000d5ba9840,0x00000000d6b00000)
  from space 2048K, 99% used [0x00000000d6d00000,0x00000000d6efe278,0x00000000d6f00000)
  to   space 2560K, 0% used [0x00000000d6f80000,0x00000000d6f80000,0x00000000d7200000)
 ParOldGen       total 68608K, used 17516K [0x0000000080000000, 0x0000000084300000, 0x00000000d5580000)
  object space 68608K, 25% used [0x0000000080000000,0x000000008111b308,0x0000000084300000)
 Metaspace       used 32186K, committed 33280K, reserved 1114112K
  class space    used 3227K, committed 3712K, reserved 1048576K

Card table byte_map: [0x00000161898f0000,0x0000016189d00000] _byte_map_base: 0x00000161894f0000

Marking Bits: (ParMarkBitMap*) 0x00007ff982123450
 Begin Bits: [0x000001619c400000, 0x000001619e400000)
 End Bits:   [0x000001619e400000, 0x00000161a0400000)

Polling page: 0x0000016188020000

Metaspace:

Usage:
  Non-class:     28.28 MB used.
      Class:      3.15 MB used.
       Both:     31.43 MB used.

Virtual space:
  Non-class space:       64.00 MB reserved,      28.88 MB ( 45%) committed,  1 nodes.
      Class space:        1.00 GB reserved,       3.62 MB ( <1%) committed,  1 nodes.
             Both:        1.06 GB reserved,      32.50 MB (  3%) committed. 

Chunk freelists:
   Non-Class:  3.16 MB
       Class:  12.27 MB
        Both:  15.42 MB

MaxMetaspaceSize: unlimited
CompressedClassSpaceSize: 1.00 GB
Initial GC threshold: 21.00 MB
Current GC threshold: 35.00 MB
CDS: on
 - commit_granule_bytes: 65536.
 - commit_granule_words: 8192.
 - virtual_space_node_default_size: 8388608.
 - enlarge_chunks_in_place: 1.
 - use_allocation_guard: 0.


Internal statistics:

num_allocs_failed_limit: 3.
num_arena_births: 756.
num_arena_deaths: 14.
num_vsnodes_births: 2.
num_vsnodes_deaths: 0.
num_space_committed: 520.
num_space_uncommitted: 0.
num_chunks_returned_to_freelist: 17.
num_chunks_taken_from_freelist: 2106.
num_chunk_merges: 9.
num_chunk_splits: 1338.
num_chunks_enlarged: 830.
num_inconsistent_stats: 0.

CodeHeap 'non-profiled nmethods': size=120000Kb used=2081Kb max_used=2081Kb free=117918Kb
 bounds [0x0000016194c20000, 0x0000016194e90000, 0x000001619c150000]
CodeHeap 'profiled nmethods': size=120000Kb used=9236Kb max_used=9236Kb free=110763Kb
 bounds [0x000001618d150000, 0x000001618da60000, 0x0000016194680000]
CodeHeap 'non-nmethods': size=5760Kb used=1351Kb max_used=1402Kb free=4408Kb
 bounds [0x0000016194680000, 0x00000161948f0000, 0x0000016194c20000]
CodeCache: size=245760Kb, used=12668Kb, max_used=12719Kb, free=233089Kb
 total_blobs=4990, nmethods=4341, adapters=555, full_count=0
Compilation: enabled, stopped_count=0, restarted_count=0

Compilation events (20 events):
Event: 8.451 Thread 0x000001618a00c770 nmethod 4314 0x000001618da38490 code [0x000001618da38640, 0x000001618da38778]
Event: 8.451 Thread 0x000001618a00c770 4315       3       java.lang.invoke.Invokers::callSiteForm (297 bytes)
Event: 8.453 Thread 0x000001618a00c770 nmethod 4315 0x000001618da38810 code [0x000001618da38b20, 0x000001618da39dd8]
Event: 8.453 Thread 0x000001618a00c770 4316       3       java.lang.invoke.InvokerBytecodeGenerator::emitReturnInsn (122 bytes)
Event: 8.454 Thread 0x000001618a00c770 nmethod 4316 0x000001618da3a690 code [0x000001618da3a900, 0x000001618da3b2c0]
Event: 8.455 Thread 0x000001618a00c770 4319   !   3       java.util.concurrent.ConcurrentHashMap::transfer (849 bytes)
Event: 8.464 Thread 0x000001618a00c770 nmethod 4319 0x000001618da3b610 code [0x000001618da3ba40, 0x000001618da3dc48]
Event: 8.468 Thread 0x000001618a00c770 4325       3       jdk.internal.org.objectweb.asm.AnnotationWriter::computeAnnotationsSize (42 bytes)
Event: 8.468 Thread 0x000001618a00c770 nmethod 4325 0x000001618da3f310 code [0x000001618da3f4c0, 0x000001618da3f6f8]
Event: 8.468 Thread 0x000001618a00c770 4327       3       sun.invoke.util.VerifyType::isNullType (18 bytes)
Event: 8.469 Thread 0x000001618a00c770 nmethod 4327 0x000001618da3f890 code [0x000001618da3fa40, 0x000001618da3fc00]
Event: 8.469 Thread 0x000001618a00c770 4323       3       java.lang.invoke.MethodHandles$Lookup::getDirectMethodCommon (300 bytes)
Event: 8.471 Thread 0x000001618a0043f0 nmethod 4309 0x0000016194e25e10 code [0x0000016194e26000, 0x0000016194e26780]
Event: 8.472 Thread 0x000001618a00c770 nmethod 4323 0x000001618da3fc90 code [0x000001618da40000, 0x000001618da41110]
Event: 8.473 Thread 0x000001618a00c770 4320       3       jdk.internal.misc.CDS::isDumpingClassList (4 bytes)
Event: 8.473 Thread 0x000001618a0043f0 4329       4       java.util.Collections$UnmodifiableCollection::contains (11 bytes)
Event: 8.473 Thread 0x000001618a00c770 nmethod 4320 0x000001618da41710 code [0x000001618da418a0, 0x000001618da41990]
Event: 8.486 Thread 0x000001618a00c770 4330       3       java.lang.CompoundEnumeration::next (58 bytes)
Event: 8.488 Thread 0x000001618a00c770 nmethod 4330 0x000001618da41a10 code [0x000001618da41be0, 0x000001618da41f20]
Event: 8.489 Thread 0x000001618a00c770 4331   !   3       org.eclipse.osgi.internal.loader.BundleLoader::findClass0 (490 bytes)

GC Heap History (20 events):
Event: 3.304 GC heap before
{Heap before GC invocations=3 (full 0):
 PSYoungGen      total 29696K, used 29686K [0x00000000d5580000, 0x00000000d7680000, 0x0000000100000000)
  eden space 25600K, 100% used [0x00000000d5580000,0x00000000d6e80000,0x00000000d6e80000)
  from space 4096K, 99% used [0x00000000d7280000,0x00000000d767d810,0x00000000d7680000)
  to   space 4096K, 0% used [0x00000000d6e80000,0x00000000d6e80000,0x00000000d7280000)
 ParOldGen       total 68608K, used 2041K [0x0000000080000000, 0x0000000084300000, 0x00000000d5580000)
  object space 68608K, 2% used [0x0000000080000000,0x00000000801fe648,0x0000000084300000)
 Metaspace       used 9410K, committed 9728K, reserved 1114112K
  class space    used 1006K, committed 1152K, reserved 1048576K
}
Event: 3.309 GC heap after
{Heap after GC invocations=3 (full 0):
 PSYoungGen      total 29696K, used 4093K [0x00000000d5580000, 0x00000000d7680000, 0x0000000100000000)
  eden space 25600K, 0% used [0x00000000d5580000,0x00000000d5580000,0x00000000d6e80000)
  from space 4096K, 99% used [0x00000000d6e80000,0x00000000d727f5d8,0x00000000d7280000)
  to   space 4096K, 0% used [0x00000000d7280000,0x00000000d7280000,0x00000000d7680000)
 ParOldGen       total 68608K, used 4976K [0x0000000080000000, 0x0000000084300000, 0x00000000d5580000)
  object space 68608K, 7% used [0x0000000080000000,0x00000000804dc1f0,0x0000000084300000)
 Metaspace       used 9410K, committed 9728K, reserved 1114112K
  class space    used 1006K, committed 1152K, reserved 1048576K
}
Event: 5.610 GC heap before
{Heap before GC invocations=4 (full 0):
 PSYoungGen      total 29696K, used 29693K [0x00000000d5580000, 0x00000000d7680000, 0x0000000100000000)
  eden space 25600K, 100% used [0x00000000d5580000,0x00000000d6e80000,0x00000000d6e80000)
  from space 4096K, 99% used [0x00000000d6e80000,0x00000000d727f5d8,0x00000000d7280000)
  to   space 4096K, 0% used [0x00000000d7280000,0x00000000d7280000,0x00000000d7680000)
 ParOldGen       total 68608K, used 4976K [0x0000000080000000, 0x0000000084300000, 0x00000000d5580000)
  object space 68608K, 7% used [0x0000000080000000,0x00000000804dc1f0,0x0000000084300000)
 Metaspace       used 11617K, committed 11968K, reserved 1114112K
  class space    used 1228K, committed 1408K, reserved 1048576K
}
Event: 5.616 GC heap after
{Heap after GC invocations=4 (full 0):
 PSYoungGen      total 29696K, used 4073K [0x00000000d5580000, 0x00000000d7680000, 0x0000000100000000)
  eden space 25600K, 0% used [0x00000000d5580000,0x00000000d5580000,0x00000000d6e80000)
  from space 4096K, 99% used [0x00000000d7280000,0x00000000d767a498,0x00000000d7680000)
  to   space 4096K, 0% used [0x00000000d6e80000,0x00000000d6e80000,0x00000000d7280000)
 ParOldGen       total 68608K, used 6734K [0x0000000080000000, 0x0000000084300000, 0x00000000d5580000)
  object space 68608K, 9% used [0x0000000080000000,0x0000000080693b48,0x0000000084300000)
 Metaspace       used 11617K, committed 11968K, reserved 1114112K
  class space    used 1228K, committed 1408K, reserved 1048576K
}
Event: 6.295 GC heap before
{Heap before GC invocations=5 (full 0):
 PSYoungGen      total 29696K, used 29673K [0x00000000d5580000, 0x00000000d7680000, 0x0000000100000000)
  eden space 25600K, 100% used [0x00000000d5580000,0x00000000d6e80000,0x00000000d6e80000)
  from space 4096K, 99% used [0x00000000d7280000,0x00000000d767a498,0x00000000d7680000)
  to   space 4096K, 0% used [0x00000000d6e80000,0x00000000d6e80000,0x00000000d7280000)
 ParOldGen       total 68608K, used 6734K [0x0000000080000000, 0x0000000084300000, 0x00000000d5580000)
  object space 68608K, 9% used [0x0000000080000000,0x0000000080693b48,0x0000000084300000)
 Metaspace       used 15537K, committed 16128K, reserved 1114112K
  class space    used 1618K, committed 1856K, reserved 1048576K
}
Event: 6.299 GC heap after
{Heap after GC invocations=5 (full 0):
 PSYoungGen      total 29184K, used 4083K [0x00000000d5580000, 0x00000000d7900000, 0x0000000100000000)
  eden space 25088K, 0% used [0x00000000d5580000,0x00000000d5580000,0x00000000d6e00000)
  from space 4096K, 99% used [0x00000000d6e80000,0x00000000d727cee0,0x00000000d7280000)
  to   space 5632K, 0% used [0x00000000d7380000,0x00000000d7380000,0x00000000d7900000)
 ParOldGen       total 68608K, used 8008K [0x0000000080000000, 0x0000000084300000, 0x00000000d5580000)
  object space 68608K, 11% used [0x0000000080000000,0x00000000807d2268,0x0000000084300000)
 Metaspace       used 15537K, committed 16128K, reserved 1114112K
  class space    used 1618K, committed 1856K, reserved 1048576K
}
Event: 6.977 GC heap before
{Heap before GC invocations=6 (full 0):
 PSYoungGen      total 29184K, used 29171K [0x00000000d5580000, 0x00000000d7900000, 0x0000000100000000)
  eden space 25088K, 100% used [0x00000000d5580000,0x00000000d6e00000,0x00000000d6e00000)
  from space 4096K, 99% used [0x00000000d6e80000,0x00000000d727cee0,0x00000000d7280000)
  to   space 5632K, 0% used [0x00000000d7380000,0x00000000d7380000,0x00000000d7900000)
 ParOldGen       total 68608K, used 8008K [0x0000000080000000, 0x0000000084300000, 0x00000000d5580000)
  object space 68608K, 11% used [0x0000000080000000,0x00000000807d2268,0x0000000084300000)
 Metaspace       used 18500K, committed 19264K, reserved 1114112K
  class space    used 1944K, committed 2240K, reserved 1048576K
}
Event: 6.982 GC heap after
{Heap after GC invocations=6 (full 0):
 PSYoungGen      total 29696K, used 5601K [0x00000000d5580000, 0x00000000d7a80000, 0x0000000100000000)
  eden space 24064K, 0% used [0x00000000d5580000,0x00000000d5580000,0x00000000d6d00000)
  from space 5632K, 99% used [0x00000000d7380000,0x00000000d78f85d0,0x00000000d7900000)
  to   space 6656K, 0% used [0x00000000d6d00000,0x00000000d6d00000,0x00000000d7380000)
 ParOldGen       total 68608K, used 8432K [0x0000000080000000, 0x0000000084300000, 0x00000000d5580000)
  object space 68608K, 12% used [0x0000000080000000,0x000000008083c298,0x0000000084300000)
 Metaspace       used 18500K, committed 19264K, reserved 1114112K
  class space    used 1944K, committed 2240K, reserved 1048576K
}
Event: 7.410 GC heap before
{Heap before GC invocations=7 (full 0):
 PSYoungGen      total 29696K, used 27571K [0x00000000d5580000, 0x00000000d7a80000, 0x0000000100000000)
  eden space 24064K, 91% used [0x00000000d5580000,0x00000000d6af4900,0x00000000d6d00000)
  from space 5632K, 99% used [0x00000000d7380000,0x00000000d78f85d0,0x00000000d7900000)
  to   space 6656K, 0% used [0x00000000d6d00000,0x00000000d6d00000,0x00000000d7380000)
 ParOldGen       total 68608K, used 8432K [0x0000000080000000, 0x0000000084300000, 0x00000000d5580000)
  object space 68608K, 12% used [0x0000000080000000,0x000000008083c298,0x0000000084300000)
 Metaspace       used 20686K, committed 21504K, reserved 1114112K
  class space    used 2191K, committed 2560K, reserved 1048576K
}
Event: 7.414 GC heap after
{Heap after GC invocations=7 (full 0):
 PSYoungGen      total 30720K, used 5408K [0x00000000d5580000, 0x00000000d7980000, 0x0000000100000000)
  eden space 24064K, 0% used [0x00000000d5580000,0x00000000d5580000,0x00000000d6d00000)
  from space 6656K, 81% used [0x00000000d6d00000,0x00000000d72480f8,0x00000000d7380000)
  to   space 6144K, 0% used [0x00000000d7380000,0x00000000d7380000,0x00000000d7980000)
 ParOldGen       total 68608K, used 9935K [0x0000000080000000, 0x0000000084300000, 0x00000000d5580000)
  object space 68608K, 14% used [0x0000000080000000,0x00000000809b3d80,0x0000000084300000)
 Metaspace       used 20686K, committed 21504K, reserved 1114112K
  class space    used 2191K, committed 2560K, reserved 1048576K
}
Event: 7.414 GC heap before
{Heap before GC invocations=8 (full 1):
 PSYoungGen      total 30720K, used 5408K [0x00000000d5580000, 0x00000000d7980000, 0x0000000100000000)
  eden space 24064K, 0% used [0x00000000d5580000,0x00000000d5580000,0x00000000d6d00000)
  from space 6656K, 81% used [0x00000000d6d00000,0x00000000d72480f8,0x00000000d7380000)
  to   space 6144K, 0% used [0x00000000d7380000,0x00000000d7380000,0x00000000d7980000)
 ParOldGen       total 68608K, used 9935K [0x0000000080000000, 0x0000000084300000, 0x00000000d5580000)
  object space 68608K, 14% used [0x0000000080000000,0x00000000809b3d80,0x0000000084300000)
 Metaspace       used 20686K, committed 21504K, reserved 1114112K
  class space    used 2191K, committed 2560K, reserved 1048576K
}
Event: 7.451 GC heap after
{Heap after GC invocations=8 (full 1):
 PSYoungGen      total 30720K, used 0K [0x00000000d5580000, 0x00000000d7980000, 0x0000000100000000)
  eden space 24064K, 0% used [0x00000000d5580000,0x00000000d5580000,0x00000000d6d00000)
  from space 6656K, 0% used [0x00000000d6d00000,0x00000000d6d00000,0x00000000d7380000)
  to   space 6144K, 0% used [0x00000000d7380000,0x00000000d7380000,0x00000000d7980000)
 ParOldGen       total 68608K, used 14215K [0x0000000080000000, 0x0000000084300000, 0x00000000d5580000)
  object space 68608K, 20% used [0x0000000080000000,0x0000000080de1cd0,0x0000000084300000)
 Metaspace       used 20673K, committed 21504K, reserved 1114112K
  class space    used 2188K, committed 2560K, reserved 1048576K
}
Event: 7.675 GC heap before
{Heap before GC invocations=9 (full 1):
 PSYoungGen      total 30720K, used 24064K [0x00000000d5580000, 0x00000000d7980000, 0x0000000100000000)
  eden space 24064K, 100% used [0x00000000d5580000,0x00000000d6d00000,0x00000000d6d00000)
  from space 6656K, 0% used [0x00000000d6d00000,0x00000000d6d00000,0x00000000d7380000)
  to   space 6144K, 0% used [0x00000000d7380000,0x00000000d7380000,0x00000000d7980000)
 ParOldGen       total 68608K, used 14215K [0x0000000080000000, 0x0000000084300000, 0x00000000d5580000)
  object space 68608K, 20% used [0x0000000080000000,0x0000000080de1cd0,0x0000000084300000)
 Metaspace       used 23019K, committed 23872K, reserved 1114112K
  class space    used 2352K, committed 2752K, reserved 1048576K
}
Event: 7.676 GC heap after
{Heap after GC invocations=9 (full 1):
 PSYoungGen      total 24576K, used 1013K [0x00000000d5580000, 0x00000000d7480000, 0x0000000100000000)
  eden space 23552K, 0% used [0x00000000d5580000,0x00000000d5580000,0x00000000d6c80000)
  from space 1024K, 98% used [0x00000000d7380000,0x00000000d747d4d8,0x00000000d7480000)
  to   space 3072K, 0% used [0x00000000d6e80000,0x00000000d6e80000,0x00000000d7180000)
 ParOldGen       total 68608K, used 14215K [0x0000000080000000, 0x0000000084300000, 0x00000000d5580000)
  object space 68608K, 20% used [0x0000000080000000,0x0000000080de1cd0,0x0000000084300000)
 Metaspace       used 23019K, committed 23872K, reserved 1114112K
  class space    used 2352K, committed 2752K, reserved 1048576K
}
Event: 7.893 GC heap before
{Heap before GC invocations=10 (full 1):
 PSYoungGen      total 24576K, used 24565K [0x00000000d5580000, 0x00000000d7480000, 0x0000000100000000)
  eden space 23552K, 100% used [0x00000000d5580000,0x00000000d6c80000,0x00000000d6c80000)
  from space 1024K, 98% used [0x00000000d7380000,0x00000000d747d4d8,0x00000000d7480000)
  to   space 3072K, 0% used [0x00000000d6e80000,0x00000000d6e80000,0x00000000d7180000)
 ParOldGen       total 68608K, used 14215K [0x0000000080000000, 0x0000000084300000, 0x00000000d5580000)
  object space 68608K, 20% used [0x0000000080000000,0x0000000080de1cd0,0x0000000084300000)
 Metaspace       used 26322K, committed 27200K, reserved 1114112K
  class space    used 2606K, committed 3008K, reserved 1048576K
}
Event: 7.894 GC heap after
{Heap after GC invocations=10 (full 1):
 PSYoungGen      total 26112K, used 2678K [0x00000000d5580000, 0x00000000d7400000, 0x0000000100000000)
  eden space 23040K, 0% used [0x00000000d5580000,0x00000000d5580000,0x00000000d6c00000)
  from space 3072K, 87% used [0x00000000d6e80000,0x00000000d711d978,0x00000000d7180000)
  to   space 2560K, 0% used [0x00000000d7180000,0x00000000d7180000,0x00000000d7400000)
 ParOldGen       total 68608K, used 14223K [0x0000000080000000, 0x0000000084300000, 0x00000000d5580000)
  object space 68608K, 20% used [0x0000000080000000,0x0000000080de3cd0,0x0000000084300000)
 Metaspace       used 26322K, committed 27200K, reserved 1114112K
  class space    used 2606K, committed 3008K, reserved 1048576K
}
Event: 8.182 GC heap before
{Heap before GC invocations=11 (full 1):
 PSYoungGen      total 26112K, used 25718K [0x00000000d5580000, 0x00000000d7400000, 0x0000000100000000)
  eden space 23040K, 100% used [0x00000000d5580000,0x00000000d6c00000,0x00000000d6c00000)
  from space 3072K, 87% used [0x00000000d6e80000,0x00000000d711d978,0x00000000d7180000)
  to   space 2560K, 0% used [0x00000000d7180000,0x00000000d7180000,0x00000000d7400000)
 ParOldGen       total 68608K, used 14223K [0x0000000080000000, 0x0000000084300000, 0x00000000d5580000)
  object space 68608K, 20% used [0x0000000080000000,0x0000000080de3cd0,0x0000000084300000)
 Metaspace       used 28292K, committed 29184K, reserved 1114112K
  class space    used 2762K, committed 3136K, reserved 1048576K
}
Event: 8.183 GC heap after
{Heap after GC invocations=11 (full 1):
 PSYoungGen      total 25088K, used 2551K [0x00000000d5580000, 0x00000000d7400000, 0x0000000100000000)
  eden space 22528K, 0% used [0x00000000d5580000,0x00000000d5580000,0x00000000d6b80000)
  from space 2560K, 99% used [0x00000000d7180000,0x00000000d73fdeb0,0x00000000d7400000)
  to   space 3584K, 0% used [0x00000000d6d00000,0x00000000d6d00000,0x00000000d7080000)
 ParOldGen       total 68608K, used 14981K [0x0000000080000000, 0x0000000084300000, 0x00000000d5580000)
  object space 68608K, 21% used [0x0000000080000000,0x0000000080ea15a8,0x0000000084300000)
 Metaspace       used 28292K, committed 29184K, reserved 1114112K
  class space    used 2762K, committed 3136K, reserved 1048576K
}
Event: 8.480 GC heap before
{Heap before GC invocations=12 (full 1):
 PSYoungGen      total 25088K, used 25079K [0x00000000d5580000, 0x00000000d7400000, 0x0000000100000000)
  eden space 22528K, 100% used [0x00000000d5580000,0x00000000d6b80000,0x00000000d6b80000)
  from space 2560K, 99% used [0x00000000d7180000,0x00000000d73fdeb0,0x00000000d7400000)
  to   space 3584K, 0% used [0x00000000d6d00000,0x00000000d6d00000,0x00000000d7080000)
 ParOldGen       total 68608K, used 14981K [0x0000000080000000, 0x0000000084300000, 0x00000000d5580000)
  object space 68608K, 21% used [0x0000000080000000,0x0000000080ea15a8,0x0000000084300000)
 Metaspace       used 31241K, committed 32320K, reserved 1114112K
  class space    used 3119K, committed 3584K, reserved 1048576K
}
Event: 8.484 GC heap after
{Heap after GC invocations=12 (full 1):
 PSYoungGen      total 24064K, used 2040K [0x00000000d5580000, 0x00000000d7200000, 0x0000000100000000)
  eden space 22016K, 0% used [0x00000000d5580000,0x00000000d5580000,0x00000000d6b00000)
  from space 2048K, 99% used [0x00000000d6d00000,0x00000000d6efe278,0x00000000d6f00000)
  to   space 2560K, 0% used [0x00000000d6f80000,0x00000000d6f80000,0x00000000d7200000)
 ParOldGen       total 68608K, used 17516K [0x0000000080000000, 0x0000000084300000, 0x00000000d5580000)
  object space 68608K, 25% used [0x0000000080000000,0x000000008111b308,0x0000000084300000)
 Metaspace       used 31241K, committed 32320K, reserved 1114112K
  class space    used 3119K, committed 3584K, reserved 1048576K
}

Dll operation events (10 events):
Event: 0.015 Loaded shared library c:\Users\DELL\.antigravity-ide\extensions\redhat.java-1.54.0-win32-x64\jre\21.0.10-win32-x86_64\bin\java.dll
Event: 0.132 Loaded shared library c:\Users\DELL\.antigravity-ide\extensions\redhat.java-1.54.0-win32-x64\jre\21.0.10-win32-x86_64\bin\zip.dll
Event: 0.161 Loaded shared library C:\Users\DELL\.antigravity-ide\extensions\redhat.java-1.54.0-win32-x64\jre\21.0.10-win32-x86_64\bin\instrument.dll
Event: 0.172 Loaded shared library C:\Users\DELL\.antigravity-ide\extensions\redhat.java-1.54.0-win32-x64\jre\21.0.10-win32-x86_64\bin\net.dll
Event: 0.176 Loaded shared library C:\Users\DELL\.antigravity-ide\extensions\redhat.java-1.54.0-win32-x64\jre\21.0.10-win32-x86_64\bin\nio.dll
Event: 0.183 Loaded shared library C:\Users\DELL\.antigravity-ide\extensions\redhat.java-1.54.0-win32-x64\jre\21.0.10-win32-x86_64\bin\zip.dll
Event: 0.213 Loaded shared library C:\Users\DELL\.antigravity-ide\extensions\redhat.java-1.54.0-win32-x64\jre\21.0.10-win32-x86_64\bin\jimage.dll
Event: 0.339 Loaded shared library c:\Users\DELL\.antigravity-ide\extensions\redhat.java-1.54.0-win32-x64\jre\21.0.10-win32-x86_64\bin\verify.dll
Event: 2.877 Loaded shared library C:\Users\DELL\AppData\Roaming\Antigravity IDE\User\globalStorage\redhat.java\1.54.0\config_win\org.eclipse.equinox.launcher\org.eclipse.equinox.launcher.win32.win32.x86_64_1.3.0.v20260203-2149\eclipse_11919.dll
Event: 6.542 Loaded shared library C:\Users\DELL\AppData\Local\Temp\jna-2094529\jna6551239976254586862.dll

Deoptimization events (20 events):
Event: 8.441 Thread 0x00000161e8d4bd90 DEOPT PACKING pc=0x000001618d184b7c sp=0x00000016289fdd70
Event: 8.441 Thread 0x00000161e8d4bd90 DEOPT UNPACKING pc=0x00000161946d4242 sp=0x00000016289fd190 mode 0
Event: 8.441 Thread 0x00000161e8d4bd90 DEOPT PACKING pc=0x000001618d184b7c sp=0x00000016289fddc0
Event: 8.441 Thread 0x00000161e8d4bd90 DEOPT UNPACKING pc=0x00000161946d4242 sp=0x00000016289fd1e0 mode 0
Event: 8.442 Thread 0x00000161e8d4bd90 DEOPT PACKING pc=0x000001618d184b7c sp=0x00000016289fddd0
Event: 8.442 Thread 0x00000161e8d4bd90 DEOPT UNPACKING pc=0x00000161946d4242 sp=0x00000016289fd1f0 mode 0
Event: 8.442 Thread 0x00000161e8d4bd90 DEOPT PACKING pc=0x000001618d184b7c sp=0x00000016289fde90
Event: 8.442 Thread 0x00000161e8d4bd90 DEOPT UNPACKING pc=0x00000161946d4242 sp=0x00000016289fd2b0 mode 0
Event: 8.463 Thread 0x00000161e8d4bd90 DEOPT PACKING pc=0x000001618d60495c sp=0x00000016289fdad0
Event: 8.463 Thread 0x00000161e8d48fa0 DEOPT PACKING pc=0x000001618d60495c sp=0x0000001628bfaf10
Event: 8.463 Thread 0x00000161e8d4bd90 DEOPT UNPACKING pc=0x00000161946d4242 sp=0x00000016289fd068 mode 0
Event: 8.463 Thread 0x00000161e8d48fa0 DEOPT UNPACKING pc=0x00000161946d4242 sp=0x0000001628bfa4a8 mode 0
Event: 8.466 Thread 0x00000161e8d49630 Uncommon trap: trap_request=0xfffffff4 fr.pc=0x0000016194e1cea8 relative=0x0000000000000368
Event: 8.466 Thread 0x00000161e8d49630 Uncommon trap: reason=null_check action=make_not_entrant pc=0x0000016194e1cea8 method=sun.invoke.util.VerifyType.isNullConversion(Ljava/lang/Class;Ljava/lang/Class;Z)Z @ 12 c2
Event: 8.466 Thread 0x00000161e8d49630 DEOPT PACKING pc=0x0000016194e1cea8 sp=0x00000016293fdab0
Event: 8.466 Thread 0x00000161e8d49630 DEOPT UNPACKING pc=0x00000161946d3aa2 sp=0x00000016293fda38 mode 2
Event: 8.468 Thread 0x00000161e8d49630 Uncommon trap: trap_request=0xffffff45 fr.pc=0x0000016194c83b28 relative=0x0000000000000108
Event: 8.468 Thread 0x00000161e8d49630 Uncommon trap: reason=unstable_if action=reinterpret pc=0x0000016194c83b28 method=jdk.internal.org.objectweb.asm.ByteVector.putShort(I)Ljdk/internal/org/objectweb/asm/ByteVector; @ 13 c2
Event: 8.468 Thread 0x00000161e8d49630 DEOPT PACKING pc=0x0000016194c83b28 sp=0x00000016293fd690
Event: 8.468 Thread 0x00000161e8d49630 DEOPT UNPACKING pc=0x00000161946d3aa2 sp=0x00000016293fd628 mode 2

Classes loaded (20 events):
Event: 8.413 Loading class java/lang/invoke/MethodHandleImpl$Makers$1
Event: 8.413 Loading class java/lang/invoke/MethodHandleImpl$Makers$1 done
Event: 8.413 Loading class java/lang/invoke/MethodHandleImpl$Makers$2
Event: 8.413 Loading class java/lang/invoke/MethodHandleImpl$Makers$2 done
Event: 8.413 Loading class java/lang/invoke/MethodHandleImpl$Makers$3
Event: 8.413 Loading class java/lang/invoke/MethodHandleImpl$Makers$3 done
Event: 8.418 Loading class java/io/UncheckedIOException
Event: 8.418 Loading class java/io/UncheckedIOException done
Event: 8.422 Loading class java/lang/runtime/ObjectMethods$1
Event: 8.422 Loading class java/lang/runtime/ObjectMethods$1 done
Event: 8.424 Loading class java/nio/channels/spi/AbstractInterruptibleChannel$1
Event: 8.424 Loading class sun/nio/ch/Interruptible
Event: 8.424 Loading class sun/nio/ch/Interruptible done
Event: 8.424 Loading class java/nio/channels/spi/AbstractInterruptibleChannel$1 done
Event: 8.463 Loading class java/lang/invoke/MethodHandleImpl$CountingWrapper
Event: 8.463 Loading class java/lang/invoke/MethodHandleImpl$CountingWrapper done
Event: 8.488 Loading class java/lang/ProcessHandle
Event: 8.488 Loading class java/lang/ProcessHandle done
Event: 8.489 Loading class java/lang/ProcessHandleImpl
Event: 8.489 Loading class java/lang/ProcessHandleImpl done

Classes unloaded (7 events):
Event: 7.419 Thread 0x00000161e2e01170 Unloading class 0x00000161a21ad400 'java/lang/invoke/LambdaForm$MH+0x00000161a21ad400'
Event: 7.419 Thread 0x00000161e2e01170 Unloading class 0x00000161a21ad000 'java/lang/invoke/LambdaForm$MH+0x00000161a21ad000'
Event: 7.419 Thread 0x00000161e2e01170 Unloading class 0x00000161a21acc00 'java/lang/invoke/LambdaForm$MH+0x00000161a21acc00'
Event: 7.419 Thread 0x00000161e2e01170 Unloading class 0x00000161a21ac800 'java/lang/invoke/LambdaForm$MH+0x00000161a21ac800'
Event: 7.419 Thread 0x00000161e2e01170 Unloading class 0x00000161a21ac400 'java/lang/invoke/LambdaForm$BMH+0x00000161a21ac400'
Event: 7.419 Thread 0x00000161e2e01170 Unloading class 0x00000161a21ac000 'java/lang/invoke/LambdaForm$DMH+0x00000161a21ac000'
Event: 7.419 Thread 0x00000161e2e01170 Unloading class 0x00000161a21aac00 'java/lang/invoke/LambdaForm$DMH+0x00000161a21aac00'

Classes redefined (0 events):
No events

Internal exceptions (20 events):
Event: 8.326 Thread 0x00000161e88670e0 Exception <a 'java/io/FileNotFoundException'{0x00000000d5d12380}> (0x00000000d5d12380) 
thrown [s\src\hotspot\share\prims\jni.cpp, line 520]
Event: 8.331 Thread 0x00000161e88670e0 Exception <a 'java/lang/UnsatisfiedLinkError'{0x00000000d5d46148}: The specified procedure could not be found.
> (0x00000000d5d46148) 
thrown [s\src\hotspot\share\prims\jni.cpp, line 539]
Event: 8.411 Thread 0x00000161e8d49630 Exception <a 'java/lang/NoSuchMethodError'{0x00000000d611bac8}: 'java.lang.Object java.lang.invoke.DirectMethodHandle$Holder.invokeStaticInit(java.lang.Object, java.lang.Object, java.lang.Object, java.lang.Object, java.lang.Object, java.lang.Object, java.lang.Object)'> (0x00000000d611bac8) 
thrown [s\src\hotspot\share\interpreter\linkResolver.cpp, line 773]
Event: 8.412 Thread 0x00000161e8d49630 Exception <a 'java/lang/NoSuchMethodError'{0x00000000d61202a0}: 'java.lang.Object java.lang.invoke.Invokers$Holder.invoke_MT(java.lang.Object, java.lang.Object, java.lang.Object, java.lang.Object, java.lang.Object, java.lang.Object, java.lang.Object, java.lang.Object, java.lang.Object)'> (0x00000000d61202a0) 
thrown [s\src\hotspot\share\interpreter\linkResolver.cpp, line 773]
Event: 8.422 Thread 0x00000161e8d48fa0 Exception <a 'java/lang/NoSuchMethodError'{0x00000000d65cec68}: 'void java.lang.invoke.DirectMethodHandle$Holder.invokeStaticInit(java.lang.Object, java.lang.Object, java.lang.Object, java.lang.Object)'> (0x00000000d65cec68) 
thrown [s\src\hotspot\share\interpreter\linkResolver.cpp, line 773]
Event: 8.422 Thread 0x00000161e8d49cc0 Exception <a 'java/lang/NoSuchMethodError'{0x00000000d65c15e0}: 'int java.lang.invoke.DirectMethodHandle$Holder.invokeVirtual(java.lang.Object, java.lang.Object, java.lang.Object)'> (0x00000000d65c15e0) 
thrown [s\src\hotspot\share\interpreter\linkResolver.cpp, line 773]
Event: 8.423 Thread 0x00000161e8d49cc0 Exception <a 'java/lang/NoSuchMethodError'{0x00000000d65c5558}: 'int java.lang.invoke.DirectMethodHandle$Holder.invokeStaticInit(java.lang.Object, int, int)'> (0x00000000d65c5558) 
thrown [s\src\hotspot\share\interpreter\linkResolver.cpp, line 773]
Event: 8.424 Thread 0x00000161e8d49cc0 Exception <a 'java/lang/NoSuchMethodError'{0x00000000d65cc8c0}: 'int java.lang.invoke.DirectMethodHandle$Holder.invokeStaticInit(java.lang.Object, long, long)'> (0x00000000d65cc8c0) 
thrown [s\src\hotspot\share\interpreter\linkResolver.cpp, line 773]
Event: 8.425 Thread 0x00000161e8d49cc0 Exception <a 'java/lang/NoSuchMethodError'{0x00000000d65fb018}: 'int java.lang.invoke.DirectMethodHandle$Holder.invokeStaticInit(java.lang.Object, float, float)'> (0x00000000d65fb018) 
thrown [s\src\hotspot\share\interpreter\linkResolver.cpp, line 773]
Event: 8.427 Thread 0x00000161e8d49cc0 Exception <a 'java/lang/NoSuchMethodError'{0x00000000d66019a8}: 'int java.lang.invoke.DirectMethodHandle$Holder.invokeStaticInit(java.lang.Object, double, double)'> (0x00000000d66019a8) 
thrown [s\src\hotspot\share\interpreter\linkResolver.cpp, line 773]
Event: 8.428 Thread 0x00000161e8d49cc0 Exception <a 'java/lang/NoSuchMethodError'{0x00000000d6665748}: 'int java.lang.invoke.DirectMethodHandle$Holder.invokeStatic(java.lang.Object, long)'> (0x00000000d6665748) 
thrown [s\src\hotspot\share\interpreter\linkResolver.cpp, line 773]
Event: 8.450 Thread 0x00000161e8d49cc0 Exception <a 'java/lang/NoSuchMethodError'{0x00000000d6878910}: 'int java.lang.invoke.Invokers$Holder.linkToTargetMethod(java.lang.Object, java.lang.Object)'> (0x00000000d6878910) 
thrown [s\src\hotspot\share\interpreter\linkResolver.cpp, line 773]
Event: 8.454 Thread 0x00000161e8d49630 Exception <a 'java/lang/NoSuchMethodError'{0x00000000d68cd750}: 'int java.lang.invoke.DirectMethodHandle$Holder.invokeSpecial(java.lang.Object, java.lang.Object, java.lang.Object, java.lang.Object)'> (0x00000000d68cd750) 
thrown [s\src\hotspot\share\interpreter\linkResolver.cpp, line 773]
Event: 8.461 Thread 0x00000161e8d49630 Exception <a 'java/lang/NoSuchMethodError'{0x00000000d6960308}: 'java.lang.Object java.lang.invoke.DirectMethodHandle$Holder.invokeStatic(java.lang.Object, int, java.lang.Object, java.lang.Object)'> (0x00000000d6960308) 
thrown [s\src\hotspot\share\interpreter\linkResolver.cpp, line 773]
Event: 8.462 Thread 0x00000161e8d49630 Exception <a 'java/lang/NoSuchMethodError'{0x00000000d6963ae8}: 'java.lang.Object java.lang.invoke.DelegatingMethodHandle$Holder.delegate(java.lang.Object, int, java.lang.Object, java.lang.Object)'> (0x00000000d6963ae8) 
thrown [s\src\hotspot\share\interpreter\linkResolver.cpp, line 773]
Event: 8.466 Thread 0x00000161e8d49630 Implicit null exception at 0x0000016194e1cb76 to 0x0000016194e1ce98
Event: 8.469 Thread 0x00000161e8d49630 Exception <a 'java/lang/NoSuchMethodError'{0x00000000d69dcf38}: 'int java.lang.invoke.Invokers$Holder.linkToTargetMethod(java.lang.Object, java.lang.Object, java.lang.Object)'> (0x00000000d69dcf38) 
thrown [s\src\hotspot\share\interpreter\linkResolver.cpp, line 773]
Event: 8.490 Thread 0x0000016189f4e970 Exception <a 'java/lang/NoSuchMethodError'{0x00000000d5630808}: 'java.lang.Object java.lang.invoke.DirectMethodHandle$Holder.invokeStatic(java.lang.Object, long, java.lang.Object)'> (0x00000000d5630808) 
thrown [s\src\hotspot\share\interpreter\linkResolver.cpp, line 773]
Event: 8.490 Thread 0x0000016189f4e970 Exception <a 'java/lang/NoSuchMethodError'{0x00000000d568fd98}: 'java.lang.Object java.lang.invoke.DirectMethodHandle$Holder.invokeStaticInit(java.lang.Object, long, java.lang.Object)'> (0x00000000d568fd98) 
thrown [s\src\hotspot\share\interpreter\linkResolver.cpp, line 773]
Event: 9.492 Thread 0x0000016189f4e970 Exception <a 'java/lang/NoSuchMethodError'{0x00000000d5695458}: 'java.lang.Object java.lang.invoke.DirectMethodHandle$Holder.newInvokeSpecial(java.lang.Object, long)'> (0x00000000d5695458) 
thrown [s\src\hotspot\share\interpreter\linkResolver.cpp, line 773]

ZGC Phase Switch (0 events):
No events

VM Operations (20 events):
Event: 6.915 Executing safepoint VM operation: ICBufferFull
Event: 6.916 Executing safepoint VM operation: ICBufferFull done
Event: 6.977 Executing safepoint VM operation: ParallelGCFailedAllocation (Allocation Failure)
Event: 6.982 Executing safepoint VM operation: ParallelGCFailedAllocation (Allocation Failure) done
Event: 7.410 Executing safepoint VM operation: CollectForMetadataAllocation (Metadata GC Threshold)
Event: 7.451 Executing safepoint VM operation: CollectForMetadataAllocation (Metadata GC Threshold) done
Event: 7.675 Executing safepoint VM operation: ParallelGCFailedAllocation (Allocation Failure)
Event: 7.677 Executing safepoint VM operation: ParallelGCFailedAllocation (Allocation Failure) done
Event: 7.893 Executing safepoint VM operation: ParallelGCFailedAllocation (Allocation Failure)
Event: 7.894 Executing safepoint VM operation: ParallelGCFailedAllocation (Allocation Failure) done
Event: 8.138 Executing non-safepoint VM operation: HandshakeAllThreads (Deoptimize)
Event: 8.138 Executing non-safepoint VM operation: HandshakeAllThreads (Deoptimize) done
Event: 8.182 Executing safepoint VM operation: ParallelGCFailedAllocation (Allocation Failure)
Event: 8.183 Executing safepoint VM operation: ParallelGCFailedAllocation (Allocation Failure) done
Event: 8.242 Executing non-safepoint VM operation: HandshakeAllThreads (Deoptimize)
Event: 8.242 Executing non-safepoint VM operation: HandshakeAllThreads (Deoptimize) done
Event: 8.463 Executing non-safepoint VM operation: HandshakeAllThreads (Deoptimize)
Event: 8.463 Executing non-safepoint VM operation: HandshakeAllThreads (Deoptimize) done
Event: 8.479 Executing safepoint VM operation: ParallelGCFailedAllocation (Allocation Failure)
Event: 8.484 Executing safepoint VM operation: ParallelGCFailedAllocation (Allocation Failure) done

Memory protections (0 events):
No events

Nmethod flushes (0 events):
No events

Events (20 events):
Event: 3.371 Thread 0x00000161e88670e0 Thread added: 0x00000161e8d66810
Event: 3.599 Thread 0x00000161e82c51b0 Thread exited: 0x00000161e82c51b0
Event: 3.717 Thread 0x00000161e82c0850 Thread exited: 0x00000161e82c0850
Event: 5.581 Thread 0x00000161e88670e0 Thread added: 0x00000161e929ec50
Event: 5.676 Thread 0x000001618a0043f0 Thread added: 0x00000161e8047b10
Event: 5.676 Thread 0x000001618a0043f0 Thread added: 0x00000161e80481c0
Event: 5.924 Thread 0x00000161e88670e0 Thread added: 0x00000161e8421c90
Event: 6.012 Thread 0x00000161e8047b10 Thread exited: 0x00000161e8047b10
Event: 6.012 Thread 0x00000161e80481c0 Thread exited: 0x00000161e80481c0
Event: 6.582 Thread 0x00000161e88670e0 Thread added: 0x00000161e8d4b070
Event: 6.633 Thread 0x00000161e88670e0 Thread added: 0x00000161e8d4bd90
Event: 6.670 Thread 0x00000161e88670e0 Thread added: 0x00000161e8d48fa0
Event: 6.881 Thread 0x000001618a00c770 Thread added: 0x00000161e8ba3fd0
Event: 8.121 Thread 0x00000161e88670e0 Thread added: 0x00000161e8d4a350
Event: 8.255 Thread 0x000001618a0043f0 Thread added: 0x00000161eaae0080
Event: 8.387 Thread 0x00000161e8d48fa0 Thread added: 0x00000161e8d49cc0
Event: 8.388 Thread 0x00000161e8d49cc0 Thread added: 0x00000161e8d49630
Event: 8.409 Thread 0x00000161e8d49630 Thread added: 0x00000161e8d4b700
Event: 8.468 Thread 0x00000161e8d4b700 Thread added: 0x00000161e8d4a9e0
Event: 9.492 Thread 0x00000161e8d4a9e0 Thread added: 0x00000161e8d4c420


Dynamic libraries:
0x00007ff7301f0000 - 0x00007ff7301fe000 	c:\Users\DELL\.antigravity-ide\extensions\redhat.java-1.54.0-win32-x64\jre\21.0.10-win32-x86_64\bin\java.exe
0x00007ffa55420000 - 0x00007ffa55687000 	C:\WINDOWS\SYSTEM32\ntdll.dll
0x00007ffa53b60000 - 0x00007ffa53c29000 	C:\WINDOWS\System32\KERNEL32.DLL
0x00007ffa51e80000 - 0x00007ffa52277000 	C:\WINDOWS\System32\KERNELBASE.dll
0x00007ffa52510000 - 0x00007ffa5265b000 	C:\WINDOWS\System32\ucrtbase.dll
0x00007ffa40210000 - 0x00007ffa40228000 	c:\Users\DELL\.antigravity-ide\extensions\redhat.java-1.54.0-win32-x64\jre\21.0.10-win32-x86_64\bin\jli.dll
0x00007ffa21270000 - 0x00007ffa2128e000 	c:\Users\DELL\.antigravity-ide\extensions\redhat.java-1.54.0-win32-x64\jre\21.0.10-win32-x86_64\bin\VCRUNTIME140.dll
0x00007ffa54230000 - 0x00007ffa543f6000 	C:\WINDOWS\System32\USER32.dll
0x00007ffa2b250000 - 0x00007ffa2b4e2000 	C:\WINDOWS\WinSxS\amd64_microsoft.windows.common-controls_6595b64144ccf1df_6.0.26100.8457_none_3e0b2faee331e92d\COMCTL32.dll
0x00007ffa51e50000 - 0x00007ffa51e77000 	C:\WINDOWS\System32\win32u.dll
0x00007ffa54da0000 - 0x00007ffa54e49000 	C:\WINDOWS\System32\msvcrt.dll
0x00007ffa53c30000 - 0x00007ffa53c5b000 	C:\WINDOWS\System32\GDI32.dll
0x00007ffa523e0000 - 0x00007ffa5250c000 	C:\WINDOWS\System32\gdi32full.dll
0x00007ffa52330000 - 0x00007ffa523d3000 	C:\WINDOWS\System32\msvcp_win.dll
0x00007ffa544b0000 - 0x00007ffa544e2000 	C:\WINDOWS\System32\IMM32.DLL
0x00007ffa4cc80000 - 0x00007ffa4cc8c000 	c:\Users\DELL\.antigravity-ide\extensions\redhat.java-1.54.0-win32-x64\jre\21.0.10-win32-x86_64\bin\vcruntime140_1.dll
0x00007ff9f6be0000 - 0x00007ff9f6c6d000 	c:\Users\DELL\.antigravity-ide\extensions\redhat.java-1.54.0-win32-x64\jre\21.0.10-win32-x86_64\bin\msvcp140.dll
0x00007ff981460000 - 0x00007ff982201000 	c:\Users\DELL\.antigravity-ide\extensions\redhat.java-1.54.0-win32-x64\jre\21.0.10-win32-x86_64\bin\server\jvm.dll
0x00007ffa54170000 - 0x00007ffa54226000 	C:\WINDOWS\System32\ADVAPI32.dll
0x00007ffa54400000 - 0x00007ffa544a7000 	C:\WINDOWS\System32\sechost.dll
0x00007ffa544f0000 - 0x00007ffa54608000 	C:\WINDOWS\System32\RPCRT4.dll
0x00007ffa537e0000 - 0x00007ffa53860000 	C:\WINDOWS\System32\WS2_32.dll
0x00007ffa51cb0000 - 0x00007ffa51d0e000 	C:\WINDOWS\SYSTEM32\POWRPROF.dll
0x00007ffa4d350000 - 0x00007ffa4d386000 	C:\WINDOWS\SYSTEM32\WINMM.dll
0x00007ffa3dbf0000 - 0x00007ffa3dbfb000 	C:\WINDOWS\SYSTEM32\VERSION.dll
0x00007ffa51c90000 - 0x00007ffa51ca4000 	C:\WINDOWS\SYSTEM32\UMPDC.dll
0x00007ffa50be0000 - 0x00007ffa50bfb000 	C:\WINDOWS\SYSTEM32\kernel.appcore.dll
0x00007ffa132a0000 - 0x00007ffa132aa000 	c:\Users\DELL\.antigravity-ide\extensions\redhat.java-1.54.0-win32-x64\jre\21.0.10-win32-x86_64\bin\jimage.dll
0x00007ffa4fcc0000 - 0x00007ffa4ff02000 	C:\WINDOWS\SYSTEM32\DBGHELP.DLL
0x00007ffa53380000 - 0x00007ffa53703000 	C:\WINDOWS\System32\combase.dll
0x00007ffa53260000 - 0x00007ffa53339000 	C:\WINDOWS\System32\OLEAUT32.dll
0x00007ffa28c60000 - 0x00007ffa28c9b000 	C:\WINDOWS\SYSTEM32\dbgcore.DLL
0x00007ffa52280000 - 0x00007ffa52328000 	C:\WINDOWS\System32\bcryptPrimitives.dll
0x00007ffa13290000 - 0x00007ffa1329f000 	c:\Users\DELL\.antigravity-ide\extensions\redhat.java-1.54.0-win32-x64\jre\21.0.10-win32-x86_64\bin\instrument.dll
0x00007ffa082e0000 - 0x00007ffa08300000 	c:\Users\DELL\.antigravity-ide\extensions\redhat.java-1.54.0-win32-x64\jre\21.0.10-win32-x86_64\bin\java.dll
0x00007ffa54620000 - 0x00007ffa54d8e000 	C:\WINDOWS\System32\SHELL32.dll
0x00007ffa528a0000 - 0x00007ffa5310c000 	C:\WINDOWS\System32\windows.storage.dll
0x00007ffa53c60000 - 0x00007ffa53d56000 	C:\WINDOWS\System32\SHCORE.dll
0x00007ffa53a50000 - 0x00007ffa53ab6000 	C:\WINDOWS\System32\shlwapi.dll
0x00007ffa51d70000 - 0x00007ffa51d99000 	C:\WINDOWS\SYSTEM32\profapi.dll
0x00007ffa06ac0000 - 0x00007ffa06ad8000 	c:\Users\DELL\.antigravity-ide\extensions\redhat.java-1.54.0-win32-x64\jre\21.0.10-win32-x86_64\bin\zip.dll
0x00007ffa13050000 - 0x00007ffa13060000 	C:\Users\DELL\.antigravity-ide\extensions\redhat.java-1.54.0-win32-x64\jre\21.0.10-win32-x86_64\bin\net.dll
0x00007ffa45740000 - 0x00007ffa45869000 	C:\WINDOWS\SYSTEM32\WINHTTP.dll
0x00007ffa51150000 - 0x00007ffa511bc000 	C:\WINDOWS\system32\mswsock.dll
0x00007ffa05490000 - 0x00007ffa054a6000 	C:\Users\DELL\.antigravity-ide\extensions\redhat.java-1.54.0-win32-x64\jre\21.0.10-win32-x86_64\bin\nio.dll
0x00007ffa12ed0000 - 0x00007ffa12ee0000 	c:\Users\DELL\.antigravity-ide\extensions\redhat.java-1.54.0-win32-x64\jre\21.0.10-win32-x86_64\bin\verify.dll
0x00007ff9f61c0000 - 0x00007ff9f6205000 	C:\Users\DELL\AppData\Roaming\Antigravity IDE\User\globalStorage\redhat.java\1.54.0\config_win\org.eclipse.equinox.launcher\org.eclipse.equinox.launcher.win32.win32.x86_64_1.3.0.v20260203-2149\eclipse_11919.dll
0x00007ffa53f50000 - 0x00007ffa540e7000 	C:\WINDOWS\System32\ole32.dll
0x00007ffa51430000 - 0x00007ffa5144b000 	C:\WINDOWS\SYSTEM32\CRYPTSP.dll
0x00007ffa50b40000 - 0x00007ffa50b79000 	C:\WINDOWS\system32\rsaenh.dll
0x00007ffa51200000 - 0x00007ffa51233000 	C:\WINDOWS\SYSTEM32\USERENV.dll
0x00007ffa51d40000 - 0x00007ffa51d6a000 	C:\WINDOWS\SYSTEM32\bcrypt.dll
0x00007ffa51450000 - 0x00007ffa5145c000 	C:\WINDOWS\SYSTEM32\CRYPTBASE.dll
0x00007ffa505f0000 - 0x00007ffa50622000 	C:\WINDOWS\SYSTEM32\IPHLPAPI.DLL
0x00007ffa54610000 - 0x00007ffa5461a000 	C:\WINDOWS\System32\NSI.dll
0x00007ff9f44c0000 - 0x00007ff9f4509000 	C:\Users\DELL\AppData\Local\Temp\jna-2094529\jna6551239976254586862.dll
0x00007ffa53340000 - 0x00007ffa53348000 	C:\WINDOWS\System32\PSAPI.DLL
0x00007ffa4b940000 - 0x00007ffa4b95d000 	C:\WINDOWS\SYSTEM32\dhcpcsvc6.DLL
0x00007ffa4b820000 - 0x00007ffa4b845000 	C:\WINDOWS\SYSTEM32\dhcpcsvc.DLL

JVMTI agents:
c:\Users\DELL\.antigravity-ide\extensions\redhat.java-1.54.0-win32-x64\lombok\lombok-1.18.39-4050.jar path:c:\Users\DELL\.antigravity-ide\extensions\redhat.java-1.54.0-win32-x64\jre\21.0.10-win32-x86_64\bin\instrument.dll, loaded, initialized, instrumentlib options:none

dbghelp: loaded successfully - version: 4.0.5 - missing functions: none
symbol engine: initialized successfully - sym options: 0x614 - pdb path: .;c:\Users\DELL\.antigravity-ide\extensions\redhat.java-1.54.0-win32-x64\jre\21.0.10-win32-x86_64\bin;C:\WINDOWS\SYSTEM32;C:\WINDOWS\WinSxS\amd64_microsoft.windows.common-controls_6595b64144ccf1df_6.0.26100.8457_none_3e0b2faee331e92d;c:\Users\DELL\.antigravity-ide\extensions\redhat.java-1.54.0-win32-x64\jre\21.0.10-win32-x86_64\bin\server;C:\Users\DELL\AppData\Roaming\Antigravity IDE\User\globalStorage\redhat.java\1.54.0\config_win\org.eclipse.equinox.launcher\org.eclipse.equinox.launcher.win32.win32.x86_64_1.3.0.v20260203-2149;C:\Users\DELL\AppData\Local\Temp\jna-2094529

VM Arguments:
jvm_args: --add-modules=ALL-SYSTEM --add-opens=java.base/java.util=ALL-UNNAMED --add-opens=java.base/java.lang=ALL-UNNAMED --add-opens=java.base/sun.nio.fs=ALL-UNNAMED -Declipse.application=org.eclipse.jdt.ls.core.id1 -Dosgi.bundles.defaultStartLevel=4 -Declipse.product=org.eclipse.jdt.ls.core.product -Djava.import.generatesMetadataFilesAtProjectRoot=false -DDetectVMInstallationsJob.disabled=true -Dfile.encoding=utf8 -XX:+UseParallelGC -XX:GCTimeRatio=4 -XX:AdaptiveSizePolicyWeight=90 -Dsun.zip.disableMemoryMapping=true -Xmx2G -Xms100m -Xlog:disable -javaagent:c:\Users\DELL\.antigravity-ide\extensions\redhat.java-1.54.0-win32-x64\lombok\lombok-1.18.39-4050.jar -XX:+HeapDumpOnOutOfMemoryError -XX:HeapDumpPath=c:\Users\DELL\AppData\Roaming\Antigravity IDE\User\workspaceStorage\abd115632e31190b15b7e8e5bd60e4c9\redhat.java -Daether.dependencyCollector.impl=bf 
java_command: c:\Users\DELL\.antigravity-ide\extensions\redhat.java-1.54.0-win32-x64\server\plugins\org.eclipse.equinox.launcher_1.7.100.v20251111-0406.jar -configuration c:\Users\DELL\AppData\Roaming\Antigravity IDE\User\globalStorage\redhat.java\1.54.0\config_win -data c:\Users\DELL\AppData\Roaming\Antigravity IDE\User\workspaceStorage\abd115632e31190b15b7e8e5bd60e4c9\redhat.java\jdt_ws --pipe=\\.\pipe\lsp-dc8e300f3b57a55eace12ef94ceaf9dd-sock
java_class_path (initial): c:\Users\DELL\.antigravity-ide\extensions\redhat.java-1.54.0-win32-x64\server\plugins\org.eclipse.equinox.launcher_1.7.100.v20251111-0406.jar
Launcher Type: SUN_STANDARD

[Global flags]
    uintx AdaptiveSizePolicyWeight                 = 90                                        {product} {command line}
     intx CICompilerCount                          = 4                                         {product} {ergonomic}
    uintx GCTimeRatio                              = 4                                         {product} {command line}
     bool HeapDumpOnOutOfMemoryError               = true                                   {manageable} {command line}
    ccstr HeapDumpPath                             = c:\Users\DELL\AppData\Roaming\Antigravity IDE\User\workspaceStorage\abd115632e31190b15b7e8e5bd60e4c9\redhat.java         {manageable} {command line}
   size_t InitialHeapSize                          = 104857600                                 {product} {command line}
   size_t MaxHeapSize                              = 2147483648                                {product} {command line}
   size_t MaxNewSize                               = 715653120                                 {product} {ergonomic}
   size_t MinHeapDeltaBytes                        = 524288                                    {product} {ergonomic}
   size_t MinHeapSize                              = 104857600                                 {product} {command line}
   size_t NewSize                                  = 34603008                                  {product} {ergonomic}
    uintx NonNMethodCodeHeapSize                   = 5839372                                {pd product} {ergonomic}
    uintx NonProfiledCodeHeapSize                  = 122909434                              {pd product} {ergonomic}
   size_t OldSize                                  = 70254592                                  {product} {ergonomic}
    uintx ProfiledCodeHeapSize                     = 122909434                              {pd product} {ergonomic}
    uintx ReservedCodeCacheSize                    = 251658240                              {pd product} {ergonomic}
     bool SegmentedCodeCache                       = true                                      {product} {ergonomic}
   size_t SoftMaxHeapSize                          = 2147483648                             {manageable} {ergonomic}
     bool UseCompressedOops                        = true                           {product lp64_product} {ergonomic}
     bool UseLargePagesIndividualAllocation        = false                                  {pd product} {ergonomic}
     bool UseParallelGC                            = true                                      {product} {command line}

Logging:
Log output configuration:
 #0: stdout all=off uptime,level,tags foldmultilines=false
 #1: stderr all=off uptime,level,tags foldmultilines=false

Release file:
JAVA_VERSION="21.0.10" 
MODULES="java.base java.compiler java.datatransfer java.xml java.prefs java.desktop java.instrument java.logging java.management java.security.sasl java.naming java.rmi java.management.rmi java.net.http java.scripting java.security.jgss java.transaction.xa java.sql java.sql.rowset java.xml.crypto java.se java.smartcardio jdk.accessibility jdk.internal.jvmstat jdk.attach jdk.charsets jdk.internal.opt jdk.zipfs jdk.compiler jdk.crypto.ec jdk.crypto.cryptoki jdk.crypto.mscapi jdk.dynalink jdk.internal.ed jdk.editpad jdk.hotspot.agent jdk.httpserver jdk.internal.le jdk.internal.vm.ci jdk.internal.vm.compiler jdk.internal.vm.compiler.management jdk.jartool jdk.javadoc jdk.jcmd jdk.management jdk.management.agent jdk.jconsole jdk.jdeps jdk.jdwp.agent jdk.jdi jdk.jfr jdk.jshell jdk.jsobject jdk.jstatd jdk.localedata jdk.management.jfr jdk.naming.dns jdk.naming.rmi jdk.net jdk.nio.mapmode jdk.random jdk.sctp jdk.security.auth jdk.security.jgss jdk.unsupported jdk.unsupported.desktop jdk.xml.dom" 

Environment Variables:
PATH=C:\Python314\Scripts\;C:\Python314\;C:\Program Files\Common Files\Oracle\Java\javapath;C:\WINDOWS\system32;C:\WINDOWS;C:\WINDOWS\System32\Wbem;C:\WINDOWS\System32\WindowsPowerShell\v1.0\;C:\WINDOWS\System32\OpenSSH\;C:\MinGW\bin;C:\Program Files\Tesseract-OCR;C:\Program Files\Git\cmd;C:\Program Files (x86)\Microsoft SQL Server\160\Tools\Binn\;C:\Program Files\Microsoft SQL Server\160\Tools\Binn\;C:\Program Files\Microsoft SQL Server\Client SDK\ODBC\170\Tools\Binn\;C:\Program Files\Microsoft SQL Server\160\DTS\Binn\;C:\Program Files (x86)\Microsoft SQL Server\160\DTS\Binn\;C:\Program Files\dotnet\;C:\Program Files\nodejs\;C:\ProgramData\chocolatey\bin;C:\Program Files\Cloudflare\Cloudflare WARP\;C:\Users\DELL\.local\bin;C:\Users\DELL\AppData\Local\Programs\Python\Python313\Scripts\;C:\Users\DELL\AppData\Local\Programs\Python\Python313\;C:\Users\DELL\AppData\Local\Microsoft\WindowsApps;C:\Users\DELL\AppData\Local\GitHubDesktop\bin;C:\MinGW\bin;C:\Users\DELL\AppData\Local\Programs\Microsoft VS Code\bin;C:\Program Files\JetBrains\IntelliJ IDEA Community Edition 2024.3.5\bin;;D:\wd c sang d\Documents\Windsurf\bin;D:\Antigravity\bin;C:\Users\DELL\AppData\Roaming\npm;C:\Users\DELL\AppData\Local\Programs\Antigravity IDE\bin;C:\Users\DELL\AppData\Local\Programs\Kiro\bin
USERNAME=DELL
OS=Windows_NT
PROCESSOR_IDENTIFIER=Intel64 Family 6 Model 154 Stepping 4, GenuineIntel
TMP=C:\Users\DELL\AppData\Local\Temp
TEMP=C:\Users\DELL\AppData\Local\Temp




Periodic native trim disabled

---------------  S Y S T E M  ---------------

OS:
 Windows 11 , 64 bit Build 26100 (10.0.26100.8328)
OS uptime: 0 days 2:33 hours

CPU: total 12 (initial active 12) (12 cores per cpu, 1 threads per core) family 6 model 154 stepping 4 microcode 0x43b, cx8, cmov, fxsr, mmx, 3dnowpref, sse, sse2, sse3, ssse3, sse4.1, sse4.2, popcnt, lzcnt, tsc, tscinvbit, avx, avx2, aes, erms, clmul, bmi1, bmi2, adx, sha, fma, vzeroupper, clflush, clflushopt, clwb, serialize, rdtscp, rdpid, fsrm, f16c, pku, cet_ibt, cet_ss
Processor Information for the first 12 processors :
  Max Mhz: 1300, Current Mhz: 1300, Mhz Limit: 1300

Memory: 4k page, system-wide physical 16068M (2213M free)
TotalPageFile size 17948M (AvailPageFile size 11M)
current process WorkingSet (physical memory assigned to process): 182M, peak: 183M
current process commit charge ("private bytes"): 312M, peak: 312M

vm_info: OpenJDK 64-Bit Server VM (21.0.10+7-LTS) for windows-amd64 JRE (21.0.10+7-LTS), built on 2026-01-20T00:00:00Z by "admin" with MS VC++ 17.12 (VS2022)

END.
