#
# There is insufficient memory for the Java Runtime Environment to continue.
# Native memory allocation (malloc) failed to allocate 1249440 bytes. Error detail: Chunk::new
# Possible reasons:
#   The system is out of physical RAM or swap space
#   This process is running with CompressedOops enabled, and the Java Heap may be blocking the growth of the native heap
# Possible solutions:
#   Reduce memory load on the system
#   Increase physical memory or swap space
#   Check if swap backing store is full
#   Decrease Java heap size (-Xmx/-Xms)
#   Decrease number of Java threads
#   Decrease Java thread stack sizes (-Xss)
#   Set larger code cache with -XX:ReservedCodeCacheSize=
#   JVM is running with Unscaled Compressed Oops mode in which the Java heap is
#     placed in the first 4GB address space. The Java Heap base address is the
#     maximum limit for the native heap growth. Please use -XX:HeapBaseMinAddress
#     to set the Java Heap base and to place the Java Heap above 4GB virtual address.
# This output file may be truncated or incomplete.
#
#  Out of Memory Error (arena.cpp:168), pid=9364, tid=14780
#
# JRE version: OpenJDK Runtime Environment Temurin-21.0.10+7 (21.0.10+7) (build 21.0.10+7-LTS)
# Java VM: OpenJDK 64-Bit Server VM Temurin-21.0.10+7 (21.0.10+7-LTS, mixed mode, sharing, tiered, compressed oops, compressed class ptrs, parallel gc, windows-amd64)
# No core dump will be written. Minidumps are not enabled by default on client versions of Windows
#

---------------  S U M M A R Y ------------

Command Line: --add-modules=ALL-SYSTEM --add-opens=java.base/java.util=ALL-UNNAMED --add-opens=java.base/java.lang=ALL-UNNAMED --add-opens=java.base/sun.nio.fs=ALL-UNNAMED -Declipse.application=org.eclipse.jdt.ls.core.id1 -Dosgi.bundles.defaultStartLevel=4 -Declipse.product=org.eclipse.jdt.ls.core.product -Djava.import.generatesMetadataFilesAtProjectRoot=false -DDetectVMInstallationsJob.disabled=true -Dfile.encoding=utf8 -XX:+UseParallelGC -XX:GCTimeRatio=4 -XX:AdaptiveSizePolicyWeight=90 -Dsun.zip.disableMemoryMapping=true -Xmx2G -Xms100m -Xlog:disable -javaagent:c:\Users\DELL\.antigravity-ide\extensions\redhat.java-1.54.0-win32-x64\lombok\lombok-1.18.39-4050.jar c:\Users\DELL\.antigravity-ide\extensions\redhat.java-1.54.0-win32-x64\server\plugins\org.eclipse.equinox.launcher_1.7.100.v20251111-0406.jar -configuration c:\Users\DELL\AppData\Roaming\Antigravity IDE\User\globalStorage\redhat.java\1.54.0\config_ss_win -data c:\Users\DELL\AppData\Roaming\Antigravity IDE\User\workspaceStorage\abd115632e31190b15b7e8e5bd60e4c9\redhat.java\ss_ws --pipe=\\.\pipe\lsp-7ee90845e54bddfbbf20259da51e76e6-sock

Host: 12th Gen Intel(R) Core(TM) i5-1235U, 12 cores, 15G,  Windows 11 , 64 bit Build 26100 (10.0.26100.8328)
Time: Mon Jun 22 23:40:27 2026 SE Asia Standard Time elapsed time: 11.384887 seconds (0d 0h 0m 11s)

---------------  T H R E A D  ---------------

Current thread (0x00000234a09fb2d0):  JavaThread "C2 CompilerThread1" daemon [_thread_in_native, id=14780, stack(0x0000005063800000,0x0000005063900000) (1024K)]


Current CompileTask:
C2:11385 5220       4       org.eclipse.osgi.internal.loader.BundleLoader::addExportedProvidersFor (167 bytes)

Stack: [0x0000005063800000,0x0000005063900000]
Native frames: (J=compiled Java code, j=interpreted, Vv=VM code, C=native code)
V  [jvm.dll+0x6d7a39]
V  [jvm.dll+0x8b4b26]
V  [jvm.dll+0x8b70de]
V  [jvm.dll+0x8b77c3]
V  [jvm.dll+0x284346]
V  [jvm.dll+0xc66ed]
V  [jvm.dll+0xc6c31]
V  [jvm.dll+0x3bec3b]
V  [jvm.dll+0x38b162]
V  [jvm.dll+0x38a5aa]
V  [jvm.dll+0x24c560]
V  [jvm.dll+0x24bb40]
V  [jvm.dll+0x1cb34e]
V  [jvm.dll+0x25b85d]
V  [jvm.dll+0x259dea]
V  [jvm.dll+0x3f857e]
V  [jvm.dll+0x85f59d]
V  [jvm.dll+0x6d626d]
C  [ucrtbase.dll+0x37b0]
C  [KERNEL32.DLL+0x2e957]
C  [ntdll.dll+0x427c]


---------------  P R O C E S S  ---------------

Threads class SMR info:
_java_thread_list=0x00000234a1d1cc70, length=40, elements={
0x0000023441d5dd80, 0x000002345880e860, 0x000002349b789770, 0x000002349b78c680,
0x000002349b78d210, 0x000002349b78eed0, 0x000002349b793670, 0x000002349b797910,
0x000002349b7aa920, 0x000002349ba30fc0, 0x000002349bae7f10, 0x00000234a0abd5d0,
0x00000234a0a7a8a0, 0x00000234a0a9bfc0, 0x00000234a06f7340, 0x00000234a08a3ef0,
0x00000234a0cd8ce0, 0x00000234a0a30b60, 0x00000234a0a28f70, 0x00000234a09fb2d0,
0x00000234a0a27530, 0x00000234a0a27bc0, 0x00000234a0a28250, 0x00000234a0a288e0,
0x00000234a0a29600, 0x00000234a0a29c90, 0x00000234a0a2a320, 0x00000234a0a2a9b0,
0x00000234a13966e0, 0x00000234a1397400, 0x00000234a1394610, 0x00000234a1393f80,
0x00000234a13959c0, 0x00000234a1394ca0, 0x00000234a1397a90, 0x00000234a1396d70,
0x00000234a1398120, 0x00000234a13987b0, 0x00000234a1395330, 0x00000234a0be8ae0
}

Java Threads: ( => current thread )
  0x0000023441d5dd80 JavaThread "main"                              [_thread_blocked, id=21392, stack(0x0000005061900000,0x0000005061a00000) (1024K)]
  0x000002345880e860 JavaThread "Reference Handler"          daemon [_thread_blocked, id=16984, stack(0x0000005061d00000,0x0000005061e00000) (1024K)]
  0x000002349b789770 JavaThread "Finalizer"                  daemon [_thread_blocked, id=21928, stack(0x0000005061e00000,0x0000005061f00000) (1024K)]
  0x000002349b78c680 JavaThread "Signal Dispatcher"          daemon [_thread_blocked, id=20400, stack(0x0000005061f00000,0x0000005062000000) (1024K)]
  0x000002349b78d210 JavaThread "Attach Listener"            daemon [_thread_blocked, id=18560, stack(0x0000005062000000,0x0000005062100000) (1024K)]
  0x000002349b78eed0 JavaThread "Service Thread"             daemon [_thread_blocked, id=11680, stack(0x0000005062100000,0x0000005062200000) (1024K)]
  0x000002349b793670 JavaThread "Monitor Deflation Thread"   daemon [_thread_blocked, id=16856, stack(0x0000005062200000,0x0000005062300000) (1024K)]
  0x000002349b797910 JavaThread "C2 CompilerThread0"         daemon [_thread_in_native, id=6232, stack(0x0000005062300000,0x0000005062400000) (1024K)]
  0x000002349b7aa920 JavaThread "C1 CompilerThread0"         daemon [_thread_in_native, id=22280, stack(0x0000005062400000,0x0000005062500000) (1024K)]
  0x000002349ba30fc0 JavaThread "Common-Cleaner"             daemon [_thread_blocked, id=22252, stack(0x0000005062600000,0x0000005062700000) (1024K)]
  0x000002349bae7f10 JavaThread "Notification Thread"        daemon [_thread_blocked, id=21812, stack(0x0000005062700000,0x0000005062800000) (1024K)]
  0x00000234a0abd5d0 JavaThread "Active Thread: Equinox Container: ca15d2c7-5fc5-415e-9402-2c4640e4c9cd"        [_thread_blocked, id=16516, stack(0x0000005062f00000,0x0000005063000000) (1024K)]
  0x00000234a0a7a8a0 JavaThread "Framework Event Dispatcher: Equinox Container: ca15d2c7-5fc5-415e-9402-2c4640e4c9cd" daemon [_thread_blocked, id=15804, stack(0x0000005062e00000,0x0000005062f00000) (1024K)]
  0x00000234a0a9bfc0 JavaThread "Start Level: Equinox Container: ca15d2c7-5fc5-415e-9402-2c4640e4c9cd" daemon [_thread_blocked, id=16512, stack(0x0000005063000000,0x0000005063100000) (1024K)]
  0x00000234a06f7340 JavaThread "SCR Component Actor"        daemon [_thread_blocked, id=20624, stack(0x0000005062500000,0x0000005062600000) (1024K)]
  0x00000234a08a3ef0 JavaThread "Worker-JM"                         [_thread_blocked, id=11536, stack(0x0000005063300000,0x0000005063400000) (1024K)]
  0x00000234a0cd8ce0 JavaThread "JNA Cleaner"                daemon [_thread_blocked, id=13412, stack(0x0000005063200000,0x0000005063300000) (1024K)]
  0x00000234a0a30b60 JavaThread "Worker-0"                          [_thread_blocked, id=15496, stack(0x0000005063600000,0x0000005063700000) (1024K)]
  0x00000234a0a28f70 JavaThread "Worker-1"                          [_thread_blocked, id=14012, stack(0x0000005063700000,0x0000005063800000) (1024K)]
=>0x00000234a09fb2d0 JavaThread "C2 CompilerThread1"         daemon [_thread_in_native, id=14780, stack(0x0000005063800000,0x0000005063900000) (1024K)]
  0x00000234a0a27530 JavaThread "Thread-1"                   daemon [_thread_in_native, id=15544, stack(0x0000005063c00000,0x0000005063d00000) (1024K)]
  0x00000234a0a27bc0 JavaThread "Thread-2"                   daemon [_thread_in_native, id=13652, stack(0x0000005063d00000,0x0000005063e00000) (1024K)]
  0x00000234a0a28250 JavaThread "Thread-3"                   daemon [_thread_in_native, id=22076, stack(0x0000005063e00000,0x0000005063f00000) (1024K)]
  0x00000234a0a288e0 JavaThread "Thread-4"                   daemon [_thread_in_native, id=2996, stack(0x0000005063f00000,0x0000005064000000) (1024K)]
  0x00000234a0a29600 JavaThread "Thread-5"                   daemon [_thread_in_native, id=7056, stack(0x0000005064000000,0x0000005064100000) (1024K)]
  0x00000234a0a29c90 JavaThread "Thread-6"                   daemon [_thread_in_native, id=22248, stack(0x0000005064100000,0x0000005064200000) (1024K)]
  0x00000234a0a2a320 JavaThread "Thread-7"                   daemon [_thread_in_native, id=3920, stack(0x0000005064200000,0x0000005064300000) (1024K)]
  0x00000234a0a2a9b0 JavaThread "Thread-8"                   daemon [_thread_in_native, id=16436, stack(0x0000005064300000,0x0000005064400000) (1024K)]
  0x00000234a13966e0 JavaThread "Thread-9"                   daemon [_thread_in_native, id=16376, stack(0x0000005064400000,0x0000005064500000) (1024K)]
  0x00000234a1397400 JavaThread "Thread-10"                  daemon [_thread_in_native, id=18912, stack(0x0000005064500000,0x0000005064600000) (1024K)]
  0x00000234a1394610 JavaThread "Thread-11"                  daemon [_thread_in_native, id=16264, stack(0x0000005064600000,0x0000005064700000) (1024K)]
  0x00000234a1393f80 JavaThread "Thread-12"                  daemon [_thread_in_native, id=22200, stack(0x0000005064700000,0x0000005064800000) (1024K)]
  0x00000234a13959c0 JavaThread "Thread-13"                  daemon [_thread_in_native, id=21432, stack(0x0000005064800000,0x0000005064900000) (1024K)]
  0x00000234a1394ca0 JavaThread "Worker-2"                          [_thread_blocked, id=21704, stack(0x0000005064900000,0x0000005064a00000) (1024K)]
  0x00000234a1397a90 JavaThread "pool-2-thread-1"                   [_thread_blocked, id=22184, stack(0x0000005064a00000,0x0000005064b00000) (1024K)]
  0x00000234a1396d70 JavaThread "WorkspaceEventsHandler"            [_thread_blocked, id=19484, stack(0x0000005064b00000,0x0000005064c00000) (1024K)]
  0x00000234a1398120 JavaThread "pool-1-thread-1"                   [_thread_in_Java, id=5940, stack(0x0000005064c00000,0x0000005064d00000) (1024K)]
  0x00000234a13987b0 JavaThread "ForkJoinPool.commonPool-worker-1" daemon [_thread_in_Java, id=8652, stack(0x0000005064e00000,0x0000005064f00000) (1024K)]
  0x00000234a1395330 JavaThread "ForkJoinPool.commonPool-worker-2" daemon [_thread_in_Java, id=12716, stack(0x0000005064f00000,0x0000005065000000) (1024K)]
  0x00000234a0be8ae0 JavaThread "C2 CompilerThread2"         daemon [_thread_in_native, id=18640, stack(0x0000005064d00000,0x0000005064e00000) (1024K)]
Total: 40

Other Threads:
  0x0000023441e1e880 VMThread "VM Thread"                           [id=22292, stack(0x0000005061c00000,0x0000005061d00000) (1024K)]
  0x000002343fa5e380 WatcherThread "VM Periodic Task Thread"        [id=400, stack(0x0000005061b00000,0x0000005061c00000) (1024K)]
  0x0000023441d7c460 WorkerThread "GC Thread#0"                     [id=17872, stack(0x0000005061a00000,0x0000005061b00000) (1024K)]
  0x00000234a08b3fe0 WorkerThread "GC Thread#1"                     [id=9384, stack(0x0000005062800000,0x0000005062900000) (1024K)]
  0x00000234a08362e0 WorkerThread "GC Thread#2"                     [id=2304, stack(0x0000005062900000,0x0000005062a00000) (1024K)]
  0x00000234a0836690 WorkerThread "GC Thread#3"                     [id=9028, stack(0x0000005062a00000,0x0000005062b00000) (1024K)]
  0x00000234a01e94d0 WorkerThread "GC Thread#4"                     [id=20008, stack(0x0000005062b00000,0x0000005062c00000) (1024K)]
  0x00000234a01e9880 WorkerThread "GC Thread#5"                     [id=11120, stack(0x0000005062c00000,0x0000005062d00000) (1024K)]
  0x00000234a01e9c30 WorkerThread "GC Thread#6"                     [id=9628, stack(0x0000005062d00000,0x0000005062e00000) (1024K)]
  0x00000234a0a7c180 WorkerThread "GC Thread#7"                     [id=8900, stack(0x0000005063100000,0x0000005063200000) (1024K)]
  0x00000234a0c6cca0 WorkerThread "GC Thread#8"                     [id=12864, stack(0x0000005063400000,0x0000005063500000) (1024K)]
  0x00000234a064b6d0 WorkerThread "GC Thread#9"                     [id=5344, stack(0x0000005063500000,0x0000005063600000) (1024K)]
Total: 12

Threads with active compile tasks:
C2 CompilerThread0  12427 5244   !   4       org.eclipse.jdt.internal.compiler.parser.Scanner::getNextToken0 (3068 bytes)
C1 CompilerThread0  12428 5240       3       org.eclipse.jdt.internal.compiler.parser.Parser::consumeRule (7843 bytes)
C2 CompilerThread1  12428 5220       4       org.eclipse.osgi.internal.loader.BundleLoader::addExportedProvidersFor (167 bytes)
C2 CompilerThread2  12428 5255       4       java.lang.String::split (242 bytes)
Total: 4

VM state: not at safepoint (normal execution)

VM Mutex/Monitor currently owned by a thread: None

Heap address: 0x0000000080000000, size: 2048 MB, Compressed Oops mode: 32-bit

CDS archive(s) mapped at: [0x0000023459000000-0x0000023459ba0000-0x0000023459ba0000), size 12189696, SharedBaseAddress: 0x0000023459000000, ArchiveRelocationMode: 1.
Compressed class space mapped at: 0x000002345a000000-0x000002349a000000, reserved size: 1073741824
Narrow klass base: 0x0000023459000000, Narrow klass shift: 0, Narrow klass range: 0x100000000

GC Precious Log:
 CardTable entry size: 512
 CPUs: 12 total, 12 available
 Memory: 16068M
 Large Page Support: Disabled
 NUMA Support: Disabled
 Compressed Oops: Enabled (32-bit)
 Alignments: Space 512K, Generation 512K, Heap 2M
 Heap Min Capacity: 100M
 Heap Initial Capacity: 100M
 Heap Max Capacity: 2G
 Pre-touch: Disabled
 Parallel Workers: 10

Heap:
 PSYoungGen      total 20992K, used 2285K [0x00000000d5580000, 0x00000000d6b00000, 0x0000000100000000)
  eden space 19968K, 6% used [0x00000000d5580000,0x00000000d56db5f8,0x00000000d6900000)
  from space 1024K, 87% used [0x00000000d6900000,0x00000000d69e0000,0x00000000d6a00000)
  to   space 1024K, 0% used [0x00000000d6a00000,0x00000000d6a00000,0x00000000d6b00000)
 ParOldGen       total 68608K, used 29787K [0x0000000080000000, 0x0000000084300000, 0x00000000d5580000)
  object space 68608K, 43% used [0x0000000080000000,0x0000000081d16e78,0x0000000084300000)
 Metaspace       used 38876K, committed 39872K, reserved 1114112K
  class space    used 3931K, committed 4416K, reserved 1048576K

Card table byte_map: [0x0000023441700000,0x0000023441b10000] _byte_map_base: 0x0000023441300000

Marking Bits: (ParMarkBitMap*) 0x00007ff982123450
 Begin Bits: [0x0000023454210000, 0x0000023456210000)
 End Bits:   [0x0000023456210000, 0x0000023458210000)

Polling page: 0x000002343ff20000

Metaspace:

Usage:
  Non-class:     34.13 MB used.
      Class:      3.84 MB used.
       Both:     37.97 MB used.

Virtual space:
  Non-class space:       64.00 MB reserved,      34.62 MB ( 54%) committed,  1 nodes.
      Class space:        1.00 GB reserved,       4.31 MB ( <1%) committed,  1 nodes.
             Both:        1.06 GB reserved,      38.94 MB (  4%) committed. 

Chunk freelists:
   Non-Class:  13.21 MB
       Class:  11.68 MB
        Both:  24.89 MB

MaxMetaspaceSize: unlimited
CompressedClassSpaceSize: 1.00 GB
Initial GC threshold: 21.00 MB
Current GC threshold: 58.38 MB
CDS: on
 - commit_granule_bytes: 65536.
 - commit_granule_words: 8192.
 - virtual_space_node_default_size: 8388608.
 - enlarge_chunks_in_place: 1.
 - use_allocation_guard: 0.


Internal statistics:

num_allocs_failed_limit: 6.
num_arena_births: 850.
num_arena_deaths: 104.
num_vsnodes_births: 2.
num_vsnodes_deaths: 0.
num_space_committed: 623.
num_space_uncommitted: 0.
num_chunks_returned_to_freelist: 146.
num_chunks_taken_from_freelist: 2558.
num_chunk_merges: 37.
num_chunk_splits: 1567.
num_chunks_enlarged: 938.
num_inconsistent_stats: 0.

CodeHeap 'non-profiled nmethods': size=120000Kb used=2912Kb max_used=2912Kb free=117087Kb
 bounds [0x000002344ca30000, 0x000002344cd10000, 0x0000023453f60000]
CodeHeap 'profiled nmethods': size=120000Kb used=10015Kb max_used=10015Kb free=109985Kb
 bounds [0x0000023444f60000, 0x0000023445950000, 0x000002344c490000]
CodeHeap 'non-nmethods': size=5760Kb used=1381Kb max_used=1426Kb free=4378Kb
 bounds [0x000002344c490000, 0x000002344c700000, 0x000002344ca30000]
CodeCache: size=245760Kb, used=14308Kb, max_used=14353Kb, free=231450Kb
 total_blobs=5511, nmethods=4829, adapters=588, full_count=0
Compilation: enabled, stopped_count=0, restarted_count=0

Compilation events (20 events):
Event: 9.261 Thread 0x000002349b7aa920 nmethod 5223 0x0000023445015790 code [0x0000023445015a00, 0x0000023445016370]
Event: 9.262 Thread 0x000002349b7aa920 5224   !   3       java.lang.Class::desiredAssertionStatus (54 bytes)
Event: 9.262 Thread 0x000002349b7aa920 nmethod 5224 0x0000023445014e90 code [0x00000234450150a0, 0x00000234450155b0]
Event: 9.264 Thread 0x00000234a0be8ae0 5225       4       java.util.ArrayList::remove (76 bytes)
Event: 9.267 Thread 0x000002349b7aa920 5226       3       lombok.launch.ShadowClassLoader::partOfShadow (46 bytes)
Event: 9.267 Thread 0x000002349b7aa920 nmethod 5226 0x0000023445014710 code [0x0000023445014900, 0x0000023445014ce8]
Event: 9.272 Thread 0x00000234a0be8ae0 nmethod 5225 0x000002344caf2090 code [0x000002344caf2240, 0x000002344caf2808]
Event: 10.289 Thread 0x00000234a0be8ae0 5227       4       java.io.File::isInvalid (47 bytes)
Event: 10.292 Thread 0x00000234a0be8ae0 nmethod 5227 0x000002344caf1790 code [0x000002344caf1940, 0x000002344caf1bb8]
Event: 10.304 Thread 0x000002349b7aa920 5228       3       java.lang.StringLatin1::toBytes (9 bytes)
Event: 10.304 Thread 0x000002349b7aa920 nmethod 5228 0x0000023445014310 code [0x00000234450144a0, 0x0000023445014628]
Event: 10.323 Thread 0x000002349b797910 nmethod 5153 0x000002344ccfd310 code [0x000002344cd00820, 0x000002344cd068f8]
Event: 10.324 Thread 0x000002349b797910 5229       4       java.lang.Long::getChars (195 bytes)
Event: 10.330 Thread 0x000002349b797910 nmethod 5229 0x000002344cb45790 code [0x000002344cb45940, 0x000002344cb45e40]
Event: 10.342 Thread 0x000002349b7aa920 5230   !   3       org.eclipse.osgi.internal.loader.BundleLoader::isDynamicallyImported (150 bytes)
Event: 10.343 Thread 0x000002349b7aa920 nmethod 5230 0x0000023445013390 code [0x00000234450135e0, 0x0000023445013f50]
Event: 10.350 Thread 0x00000234a0be8ae0 5231       4       org.eclipse.osgi.internal.loader.ModuleClassLoader::loadClass (36 bytes)
Event: 10.358 Thread 0x000002349b7aa920 5232       3       java.util.IdentityHashMap$IdentityHashMapIterator::<init> (63 bytes)
Event: 10.358 Thread 0x000002349b7aa920 nmethod 5232 0x0000023445012e90 code [0x0000023445013040, 0x0000023445013260]
Event: 10.359 Thread 0x00000234a0be8ae0 nmethod 5231 0x000002344cb45090 code [0x000002344cb45240, 0x000002344cb454a8]

GC Heap History (20 events):
Event: 7.450 GC heap after
{Heap after GC invocations=13 (full 1):
 PSYoungGen      total 23040K, used 2545K [0x00000000d5580000, 0x00000000d7600000, 0x0000000100000000)
  eden space 20480K, 0% used [0x00000000d5580000,0x00000000d5580000,0x00000000d6980000)
  from space 2560K, 99% used [0x00000000d6f00000,0x00000000d717c450,0x00000000d7180000)
  to   space 5632K, 0% used [0x00000000d6980000,0x00000000d6980000,0x00000000d6f00000)
 ParOldGen       total 68608K, used 19407K [0x0000000080000000, 0x0000000084300000, 0x00000000d5580000)
  object space 68608K, 28% used [0x0000000080000000,0x00000000812f3e48,0x0000000084300000)
 Metaspace       used 32434K, committed 33408K, reserved 1114112K
  class space    used 3286K, committed 3712K, reserved 1048576K
}
Event: 7.542 GC heap before
{Heap before GC invocations=14 (full 1):
 PSYoungGen      total 23040K, used 22895K [0x00000000d5580000, 0x00000000d7600000, 0x0000000100000000)
  eden space 20480K, 99% used [0x00000000d5580000,0x00000000d695fa58,0x00000000d6980000)
  from space 2560K, 99% used [0x00000000d6f00000,0x00000000d717c450,0x00000000d7180000)
  to   space 5632K, 0% used [0x00000000d6980000,0x00000000d6980000,0x00000000d6f00000)
 ParOldGen       total 68608K, used 19407K [0x0000000080000000, 0x0000000084300000, 0x00000000d5580000)
  object space 68608K, 28% used [0x0000000080000000,0x00000000812f3e48,0x0000000084300000)
 Metaspace       used 32514K, committed 33536K, reserved 1114112K
  class space    used 3296K, committed 3776K, reserved 1048576K
}
Event: 7.547 GC heap after
{Heap after GC invocations=14 (full 1):
 PSYoungGen      total 23040K, used 2402K [0x00000000d5580000, 0x00000000d7080000, 0x0000000100000000)
  eden space 20480K, 0% used [0x00000000d5580000,0x00000000d5580000,0x00000000d6980000)
  from space 2560K, 93% used [0x00000000d6980000,0x00000000d6bd8800,0x00000000d6c00000)
  to   space 3584K, 0% used [0x00000000d6d00000,0x00000000d6d00000,0x00000000d7080000)
 ParOldGen       total 68608K, used 21785K [0x0000000080000000, 0x0000000084300000, 0x00000000d5580000)
  object space 68608K, 31% used [0x0000000080000000,0x0000000081546550,0x0000000084300000)
 Metaspace       used 32514K, committed 33536K, reserved 1114112K
  class space    used 3296K, committed 3776K, reserved 1048576K
}
Event: 7.634 GC heap before
{Heap before GC invocations=15 (full 1):
 PSYoungGen      total 23040K, used 22882K [0x00000000d5580000, 0x00000000d7080000, 0x0000000100000000)
  eden space 20480K, 100% used [0x00000000d5580000,0x00000000d6980000,0x00000000d6980000)
  from space 2560K, 93% used [0x00000000d6980000,0x00000000d6bd8800,0x00000000d6c00000)
  to   space 3584K, 0% used [0x00000000d6d00000,0x00000000d6d00000,0x00000000d7080000)
 ParOldGen       total 68608K, used 21785K [0x0000000080000000, 0x0000000084300000, 0x00000000d5580000)
  object space 68608K, 31% used [0x0000000080000000,0x0000000081546550,0x0000000084300000)
 Metaspace       used 32542K, committed 33536K, reserved 1114112K
  class space    used 3296K, committed 3776K, reserved 1048576K
}
Event: 7.639 GC heap after
{Heap after GC invocations=15 (full 1):
 PSYoungGen      total 23040K, used 2436K [0x00000000d5580000, 0x00000000d6f80000, 0x0000000100000000)
  eden space 20480K, 0% used [0x00000000d5580000,0x00000000d5580000,0x00000000d6980000)
  from space 2560K, 95% used [0x00000000d6d00000,0x00000000d6f61000,0x00000000d6f80000)
  to   space 3072K, 0% used [0x00000000d6980000,0x00000000d6980000,0x00000000d6c80000)
 ParOldGen       total 68608K, used 23936K [0x0000000080000000, 0x0000000084300000, 0x00000000d5580000)
  object space 68608K, 34% used [0x0000000080000000,0x0000000081760360,0x0000000084300000)
 Metaspace       used 32542K, committed 33536K, reserved 1114112K
  class space    used 3296K, committed 3776K, reserved 1048576K
}
Event: 7.742 GC heap before
{Heap before GC invocations=16 (full 1):
 PSYoungGen      total 23040K, used 22916K [0x00000000d5580000, 0x00000000d6f80000, 0x0000000100000000)
  eden space 20480K, 100% used [0x00000000d5580000,0x00000000d6980000,0x00000000d6980000)
  from space 2560K, 95% used [0x00000000d6d00000,0x00000000d6f61000,0x00000000d6f80000)
  to   space 3072K, 0% used [0x00000000d6980000,0x00000000d6980000,0x00000000d6c80000)
 ParOldGen       total 68608K, used 23936K [0x0000000080000000, 0x0000000084300000, 0x00000000d5580000)
  object space 68608K, 34% used [0x0000000080000000,0x0000000081760360,0x0000000084300000)
 Metaspace       used 32633K, committed 33664K, reserved 1114112K
  class space    used 3296K, committed 3776K, reserved 1048576K
}
Event: 7.746 GC heap after
{Heap after GC invocations=16 (full 1):
 PSYoungGen      total 23040K, used 2400K [0x00000000d5580000, 0x00000000d6e80000, 0x0000000100000000)
  eden space 20480K, 0% used [0x00000000d5580000,0x00000000d5580000,0x00000000d6980000)
  from space 2560K, 93% used [0x00000000d6980000,0x00000000d6bd8010,0x00000000d6c00000)
  to   space 2560K, 0% used [0x00000000d6c00000,0x00000000d6c00000,0x00000000d6e80000)
 ParOldGen       total 68608K, used 26226K [0x0000000080000000, 0x0000000084300000, 0x00000000d5580000)
  object space 68608K, 38% used [0x0000000080000000,0x000000008199c888,0x0000000084300000)
 Metaspace       used 32633K, committed 33664K, reserved 1114112K
  class space    used 3296K, committed 3776K, reserved 1048576K
}
Event: 7.902 GC heap before
{Heap before GC invocations=17 (full 1):
 PSYoungGen      total 23040K, used 22880K [0x00000000d5580000, 0x00000000d6e80000, 0x0000000100000000)
  eden space 20480K, 100% used [0x00000000d5580000,0x00000000d6980000,0x00000000d6980000)
  from space 2560K, 93% used [0x00000000d6980000,0x00000000d6bd8010,0x00000000d6c00000)
  to   space 2560K, 0% used [0x00000000d6c00000,0x00000000d6c00000,0x00000000d6e80000)
 ParOldGen       total 68608K, used 26226K [0x0000000080000000, 0x0000000084300000, 0x00000000d5580000)
  object space 68608K, 38% used [0x0000000080000000,0x000000008199c888,0x0000000084300000)
 Metaspace       used 32953K, committed 33920K, reserved 1114112K
  class space    used 3343K, committed 3776K, reserved 1048576K
}
Event: 7.907 GC heap after
{Heap after GC invocations=17 (full 1):
 PSYoungGen      total 23040K, used 2009K [0x00000000d5580000, 0x00000000d6e80000, 0x0000000100000000)
  eden space 20480K, 0% used [0x00000000d5580000,0x00000000d5580000,0x00000000d6980000)
  from space 2560K, 78% used [0x00000000d6c00000,0x00000000d6df6760,0x00000000d6e80000)
  to   space 2560K, 0% used [0x00000000d6980000,0x00000000d6980000,0x00000000d6c00000)
 ParOldGen       total 68608K, used 28498K [0x0000000080000000, 0x0000000084300000, 0x00000000d5580000)
  object space 68608K, 41% used [0x0000000080000000,0x0000000081bd4898,0x0000000084300000)
 Metaspace       used 32953K, committed 33920K, reserved 1114112K
  class space    used 3343K, committed 3776K, reserved 1048576K
}
Event: 8.178 GC heap before
{Heap before GC invocations=18 (full 1):
 PSYoungGen      total 23040K, used 13213K [0x00000000d5580000, 0x00000000d6e80000, 0x0000000100000000)
  eden space 20480K, 54% used [0x00000000d5580000,0x00000000d6070ef8,0x00000000d6980000)
  from space 2560K, 78% used [0x00000000d6c00000,0x00000000d6df6760,0x00000000d6e80000)
  to   space 2560K, 0% used [0x00000000d6980000,0x00000000d6980000,0x00000000d6c00000)
 ParOldGen       total 68608K, used 28498K [0x0000000080000000, 0x0000000084300000, 0x00000000d5580000)
  object space 68608K, 41% used [0x0000000080000000,0x0000000081bd4898,0x0000000084300000)
 Metaspace       used 34881K, committed 35840K, reserved 1114112K
  class space    used 3546K, committed 3968K, reserved 1048576K
}
Event: 8.183 GC heap after
{Heap after GC invocations=18 (full 1):
 PSYoungGen      total 21504K, used 675K [0x00000000d5580000, 0x00000000d6c80000, 0x0000000100000000)
  eden space 20480K, 0% used [0x00000000d5580000,0x00000000d5580000,0x00000000d6980000)
  from space 1024K, 65% used [0x00000000d6980000,0x00000000d6a28cd0,0x00000000d6a80000)
  to   space 1536K, 0% used [0x00000000d6b00000,0x00000000d6b00000,0x00000000d6c80000)
 ParOldGen       total 68608K, used 30324K [0x0000000080000000, 0x0000000084300000, 0x00000000d5580000)
  object space 68608K, 44% used [0x0000000080000000,0x0000000081d9d028,0x0000000084300000)
 Metaspace       used 34881K, committed 35840K, reserved 1114112K
  class space    used 3546K, committed 3968K, reserved 1048576K
}
Event: 8.183 GC heap before
{Heap before GC invocations=19 (full 2):
 PSYoungGen      total 21504K, used 675K [0x00000000d5580000, 0x00000000d6c80000, 0x0000000100000000)
  eden space 20480K, 0% used [0x00000000d5580000,0x00000000d5580000,0x00000000d6980000)
  from space 1024K, 65% used [0x00000000d6980000,0x00000000d6a28cd0,0x00000000d6a80000)
  to   space 1536K, 0% used [0x00000000d6b00000,0x00000000d6b00000,0x00000000d6c80000)
 ParOldGen       total 68608K, used 30324K [0x0000000080000000, 0x0000000084300000, 0x00000000d5580000)
  object space 68608K, 44% used [0x0000000080000000,0x0000000081d9d028,0x0000000084300000)
 Metaspace       used 34881K, committed 35840K, reserved 1114112K
  class space    used 3546K, committed 3968K, reserved 1048576K
}
Event: 8.247 GC heap after
{Heap after GC invocations=19 (full 2):
 PSYoungGen      total 21504K, used 0K [0x00000000d5580000, 0x00000000d6c80000, 0x0000000100000000)
  eden space 20480K, 0% used [0x00000000d5580000,0x00000000d5580000,0x00000000d6980000)
  from space 1024K, 0% used [0x00000000d6980000,0x00000000d6980000,0x00000000d6a80000)
  to   space 1536K, 0% used [0x00000000d6b00000,0x00000000d6b00000,0x00000000d6c80000)
 ParOldGen       total 68608K, used 29291K [0x0000000080000000, 0x0000000084300000, 0x00000000d5580000)
  object space 68608K, 42% used [0x0000000080000000,0x0000000081c9ae78,0x0000000084300000)
 Metaspace       used 34802K, committed 35840K, reserved 1114112K
  class space    used 3523K, committed 3968K, reserved 1048576K
}
Event: 8.349 GC heap before
{Heap before GC invocations=20 (full 2):
 PSYoungGen      total 21504K, used 20480K [0x00000000d5580000, 0x00000000d6c80000, 0x0000000100000000)
  eden space 20480K, 100% used [0x00000000d5580000,0x00000000d6980000,0x00000000d6980000)
  from space 1024K, 0% used [0x00000000d6980000,0x00000000d6980000,0x00000000d6a80000)
  to   space 1536K, 0% used [0x00000000d6b00000,0x00000000d6b00000,0x00000000d6c80000)
 ParOldGen       total 68608K, used 29291K [0x0000000080000000, 0x0000000084300000, 0x00000000d5580000)
  object space 68608K, 42% used [0x0000000080000000,0x0000000081c9ae78,0x0000000084300000)
 Metaspace       used 35056K, committed 36096K, reserved 1114112K
  class space    used 3540K, committed 4032K, reserved 1048576K
}
Event: 8.350 GC heap after
{Heap after GC invocations=20 (full 2):
 PSYoungGen      total 21504K, used 1530K [0x00000000d5580000, 0x00000000d6d80000, 0x0000000100000000)
  eden space 19968K, 0% used [0x00000000d5580000,0x00000000d5580000,0x00000000d6900000)
  from space 1536K, 99% used [0x00000000d6b00000,0x00000000d6c7eb20,0x00000000d6c80000)
  to   space 2048K, 0% used [0x00000000d6900000,0x00000000d6900000,0x00000000d6b00000)
 ParOldGen       total 68608K, used 29315K [0x0000000080000000, 0x0000000084300000, 0x00000000d5580000)
  object space 68608K, 42% used [0x0000000080000000,0x0000000081ca0e78,0x0000000084300000)
 Metaspace       used 35056K, committed 36096K, reserved 1114112K
  class space    used 3540K, committed 4032K, reserved 1048576K
}
Event: 8.434 GC heap before
{Heap before GC invocations=21 (full 2):
 PSYoungGen      total 21504K, used 21498K [0x00000000d5580000, 0x00000000d6d80000, 0x0000000100000000)
  eden space 19968K, 100% used [0x00000000d5580000,0x00000000d6900000,0x00000000d6900000)
  from space 1536K, 99% used [0x00000000d6b00000,0x00000000d6c7eb20,0x00000000d6c80000)
  to   space 2048K, 0% used [0x00000000d6900000,0x00000000d6900000,0x00000000d6b00000)
 ParOldGen       total 68608K, used 29315K [0x0000000080000000, 0x0000000084300000, 0x00000000d5580000)
  object space 68608K, 42% used [0x0000000080000000,0x0000000081ca0e78,0x0000000084300000)
 Metaspace       used 35909K, committed 36864K, reserved 1114112K
  class space    used 3628K, committed 4032K, reserved 1048576K
}
Event: 8.435 GC heap after
{Heap after GC invocations=21 (full 2):
 PSYoungGen      total 20480K, used 320K [0x00000000d5580000, 0x00000000d6b80000, 0x0000000100000000)
  eden space 19968K, 0% used [0x00000000d5580000,0x00000000d5580000,0x00000000d6900000)
  from space 512K, 62% used [0x00000000d6900000,0x00000000d6950000,0x00000000d6980000)
  to   space 1024K, 0% used [0x00000000d6a80000,0x00000000d6a80000,0x00000000d6b80000)
 ParOldGen       total 68608K, used 29403K [0x0000000080000000, 0x0000000084300000, 0x00000000d5580000)
  object space 68608K, 42% used [0x0000000080000000,0x0000000081cb6e78,0x0000000084300000)
 Metaspace       used 35909K, committed 36864K, reserved 1114112K
  class space    used 3628K, committed 4032K, reserved 1048576K
}
Event: 8.905 GC heap before
{Heap before GC invocations=22 (full 2):
 PSYoungGen      total 20480K, used 20252K [0x00000000d5580000, 0x00000000d6b80000, 0x0000000100000000)
  eden space 19968K, 99% used [0x00000000d5580000,0x00000000d68f7098,0x00000000d6900000)
  from space 512K, 62% used [0x00000000d6900000,0x00000000d6950000,0x00000000d6980000)
  to   space 1024K, 0% used [0x00000000d6a80000,0x00000000d6a80000,0x00000000d6b80000)
 ParOldGen       total 68608K, used 29403K [0x0000000080000000, 0x0000000084300000, 0x00000000d5580000)
  object space 68608K, 42% used [0x0000000080000000,0x0000000081cb6e78,0x0000000084300000)
 Metaspace       used 37063K, committed 37952K, reserved 1114112K
  class space    used 3755K, committed 4160K, reserved 1048576K
}
Event: 8.906 GC heap after
{Heap after GC invocations=22 (full 2):
 PSYoungGen      total 20480K, used 480K [0x00000000d5580000, 0x00000000d6b00000, 0x0000000100000000)
  eden space 19968K, 0% used [0x00000000d5580000,0x00000000d5580000,0x00000000d6900000)
  from space 512K, 93% used [0x00000000d6a80000,0x00000000d6af8000,0x00000000d6b00000)
  to   space 1024K, 0% used [0x00000000d6900000,0x00000000d6900000,0x00000000d6a00000)
 ParOldGen       total 68608K, used 29451K [0x0000000080000000, 0x0000000084300000, 0x00000000d5580000)
  object space 68608K, 42% used [0x0000000080000000,0x0000000081cc2e78,0x0000000084300000)
 Metaspace       used 37063K, committed 37952K, reserved 1114112K
  class space    used 3755K, committed 4160K, reserved 1048576K
}
Event: 10.367 GC heap before
{Heap before GC invocations=23 (full 2):
 PSYoungGen      total 20480K, used 20448K [0x00000000d5580000, 0x00000000d6b00000, 0x0000000100000000)
  eden space 19968K, 100% used [0x00000000d5580000,0x00000000d6900000,0x00000000d6900000)
  from space 512K, 93% used [0x00000000d6a80000,0x00000000d6af8000,0x00000000d6b00000)
  to   space 1024K, 0% used [0x00000000d6900000,0x00000000d6900000,0x00000000d6a00000)
 ParOldGen       total 68608K, used 29451K [0x0000000080000000, 0x0000000084300000, 0x00000000d5580000)
  object space 68608K, 42% used [0x0000000080000000,0x0000000081cc2e78,0x0000000084300000)
 Metaspace       used 38851K, committed 39808K, reserved 1114112K
  class space    used 3927K, committed 4352K, reserved 1048576K
}

Dll operation events (10 events):
Event: 0.009 Loaded shared library c:\Users\DELL\.antigravity-ide\extensions\redhat.java-1.54.0-win32-x64\jre\21.0.10-win32-x86_64\bin\java.dll
Event: 0.074 Loaded shared library c:\Users\DELL\.antigravity-ide\extensions\redhat.java-1.54.0-win32-x64\jre\21.0.10-win32-x86_64\bin\zip.dll
Event: 0.094 Loaded shared library C:\Users\DELL\.antigravity-ide\extensions\redhat.java-1.54.0-win32-x64\jre\21.0.10-win32-x86_64\bin\instrument.dll
Event: 0.102 Loaded shared library C:\Users\DELL\.antigravity-ide\extensions\redhat.java-1.54.0-win32-x64\jre\21.0.10-win32-x86_64\bin\net.dll
Event: 0.106 Loaded shared library C:\Users\DELL\.antigravity-ide\extensions\redhat.java-1.54.0-win32-x64\jre\21.0.10-win32-x86_64\bin\nio.dll
Event: 0.111 Loaded shared library C:\Users\DELL\.antigravity-ide\extensions\redhat.java-1.54.0-win32-x64\jre\21.0.10-win32-x86_64\bin\zip.dll
Event: 0.134 Loaded shared library C:\Users\DELL\.antigravity-ide\extensions\redhat.java-1.54.0-win32-x64\jre\21.0.10-win32-x86_64\bin\jimage.dll
Event: 0.229 Loaded shared library c:\Users\DELL\.antigravity-ide\extensions\redhat.java-1.54.0-win32-x64\jre\21.0.10-win32-x86_64\bin\verify.dll
Event: 1.869 Loaded shared library C:\Users\DELL\AppData\Roaming\Antigravity IDE\User\globalStorage\redhat.java\1.54.0\config_ss_win\org.eclipse.equinox.launcher\org.eclipse.equinox.launcher.win32.win32.x86_64_1.3.0.v20260203-2149\eclipse_11919.dll
Event: 4.153 Loaded shared library C:\Users\DELL\AppData\Local\Temp\jna-2094529\jna10691999951922011061.dll

Deoptimization events (20 events):
Event: 8.986 Thread 0x00000234a13987b0 Uncommon trap: trap_request=0xffffff45 fr.pc=0x000002344cb0c5b4 relative=0x0000000000000b74
Event: 8.986 Thread 0x00000234a13987b0 Uncommon trap: reason=unstable_if action=reinterpret pc=0x000002344cb0c5b4 method=java.util.TreeMap.put(Ljava/lang/Object;Ljava/lang/Object;Z)Ljava/lang/Object; @ 27 c2
Event: 8.986 Thread 0x00000234a13987b0 DEOPT PACKING pc=0x000002344cb0c5b4 sp=0x0000005064efd530
Event: 8.986 Thread 0x00000234a13987b0 DEOPT UNPACKING pc=0x000002344c4e3aa2 sp=0x0000005064efd4d0 mode 2
Event: 9.105 Thread 0x00000234a13987b0 Uncommon trap: trap_request=0xffffff45 fr.pc=0x000002344ca84b4c relative=0x0000000000000bcc
Event: 9.105 Thread 0x00000234a13987b0 Uncommon trap: reason=unstable_if action=reinterpret pc=0x000002344ca84b4c method=java.util.concurrent.ConcurrentHashMap.addCount(JI)V @ 171 c2
Event: 9.105 Thread 0x00000234a13987b0 DEOPT PACKING pc=0x000002344ca84b4c sp=0x0000005064efd7e0
Event: 9.105 Thread 0x00000234a13987b0 DEOPT UNPACKING pc=0x000002344c4e3aa2 sp=0x0000005064efd6a0 mode 2
Event: 9.248 Thread 0x00000234a1398120 Uncommon trap: trap_request=0xffffffc6 fr.pc=0x000002344cb8c374 relative=0x00000000000006b4
Event: 9.248 Thread 0x00000234a1398120 Uncommon trap: reason=bimorphic_or_optimized_type_check action=maybe_recompile pc=0x000002344cb8c374 method=java.util.HashMap.putVal(ILjava/lang/Object;Ljava/lang/Object;ZZ)Ljava/lang/Object; @ 203 c2
Event: 9.249 Thread 0x00000234a1398120 DEOPT PACKING pc=0x000002344cb8c374 sp=0x0000005064cfe5b0
Event: 9.249 Thread 0x00000234a1398120 DEOPT UNPACKING pc=0x000002344c4e3aa2 sp=0x0000005064cfe520 mode 2
Event: 9.249 Thread 0x00000234a1398120 Uncommon trap: trap_request=0xffffffc6 fr.pc=0x000002344cb8c374 relative=0x00000000000006b4
Event: 9.249 Thread 0x00000234a1398120 Uncommon trap: reason=bimorphic_or_optimized_type_check action=maybe_recompile pc=0x000002344cb8c374 method=java.util.HashMap.putVal(ILjava/lang/Object;Ljava/lang/Object;ZZ)Ljava/lang/Object; @ 203 c2
Event: 9.249 Thread 0x00000234a1398120 DEOPT PACKING pc=0x000002344cb8c374 sp=0x0000005064cfe5b0
Event: 9.249 Thread 0x00000234a1398120 DEOPT UNPACKING pc=0x000002344c4e3aa2 sp=0x0000005064cfe520 mode 2
Event: 9.257 Thread 0x00000234a1395330 Uncommon trap: trap_request=0xffffffec fr.pc=0x000002344cc46954 relative=0x0000000000006554
Event: 9.257 Thread 0x00000234a1395330 Uncommon trap: reason=null_assert_or_unreached0 action=make_not_entrant pc=0x000002344cc46954 method=java.util.concurrent.locks.ReentrantReadWriteLock$Sync.tryAcquireShared(I)I @ 101 c2
Event: 9.257 Thread 0x00000234a1395330 DEOPT PACKING pc=0x000002344cc46954 sp=0x0000005064ffda10
Event: 9.257 Thread 0x00000234a1395330 DEOPT UNPACKING pc=0x000002344c4e3aa2 sp=0x0000005064ffd6a8 mode 2

Classes loaded (20 events):
Event: 7.894 Loading class java/lang/ExceptionInInitializerError
Event: 7.894 Loading class java/lang/ExceptionInInitializerError done
Event: 8.056 Loading class sun/misc/Unsafe
Event: 8.057 Loading class sun/misc/Unsafe done
Event: 8.701 Loading class java/util/Vector$1
Event: 8.701 Loading class java/util/Vector$1 done
Event: 9.038 Loading class java/util/regex/Pattern$Caret
Event: 9.038 Loading class java/util/regex/Pattern$Caret done
Event: 9.154 Loading class java/util/stream/ReferencePipeline$4
Event: 9.154 Loading class java/util/stream/ReferencePipeline$4 done
Event: 9.154 Loading class java/util/stream/Nodes$IntFixedNodeBuilder
Event: 9.154 Loading class java/util/stream/Node$Builder$OfInt
Event: 9.155 Loading class java/util/stream/Node$Builder$OfInt done
Event: 9.155 Loading class java/util/stream/Nodes$IntArrayNode
Event: 9.155 Loading class java/util/stream/Nodes$IntArrayNode done
Event: 9.155 Loading class java/util/stream/Nodes$IntFixedNodeBuilder done
Event: 9.155 Loading class java/util/stream/ReferencePipeline$4$1
Event: 9.155 Loading class java/util/stream/ReferencePipeline$4$1 done
Event: 9.248 Loading class java/util/Hashtable$ValueCollection
Event: 9.248 Loading class java/util/Hashtable$ValueCollection done

Classes unloaded (20 events):
Event: 8.194 Thread 0x0000023441e1e880 Unloading class 0x000002345a396800 'java/lang/invoke/LambdaForm$DMH+0x000002345a396800'
Event: 8.194 Thread 0x0000023441e1e880 Unloading class 0x000002345a395c00 'java/lang/invoke/LambdaForm$MH+0x000002345a395c00'
Event: 8.194 Thread 0x0000023441e1e880 Unloading class 0x000002345a395800 'java/lang/invoke/LambdaForm$MH+0x000002345a395800'
Event: 8.194 Thread 0x0000023441e1e880 Unloading class 0x000002345a392000 'java/lang/invoke/LambdaForm$MH+0x000002345a392000'
Event: 8.194 Thread 0x0000023441e1e880 Unloading class 0x000002345a391c00 'java/lang/invoke/LambdaForm$MH+0x000002345a391c00'
Event: 8.194 Thread 0x0000023441e1e880 Unloading class 0x000002345a391000 'java/lang/invoke/LambdaForm$MH+0x000002345a391000'
Event: 8.194 Thread 0x0000023441e1e880 Unloading class 0x000002345a390c00 'java/lang/invoke/LambdaForm$MH+0x000002345a390c00'
Event: 8.194 Thread 0x0000023441e1e880 Unloading class 0x000002345a390800 'java/lang/invoke/LambdaForm$MH+0x000002345a390800'
Event: 8.194 Thread 0x0000023441e1e880 Unloading class 0x000002345a390400 'java/lang/invoke/LambdaForm$MH+0x000002345a390400'
Event: 8.194 Thread 0x0000023441e1e880 Unloading class 0x000002345a38fc00 'java/lang/invoke/LambdaForm$MH+0x000002345a38fc00'
Event: 8.194 Thread 0x0000023441e1e880 Unloading class 0x000002345a38f400 'java/lang/invoke/LambdaForm$MH+0x000002345a38f400'
Event: 8.194 Thread 0x0000023441e1e880 Unloading class 0x000002345a38f000 'java/lang/invoke/LambdaForm$MH+0x000002345a38f000'
Event: 8.194 Thread 0x0000023441e1e880 Unloading class 0x000002345a38ec00 'java/lang/invoke/LambdaForm$MH+0x000002345a38ec00'
Event: 8.194 Thread 0x0000023441e1e880 Unloading class 0x000002345a38e800 'java/lang/invoke/LambdaForm$MH+0x000002345a38e800'
Event: 8.194 Thread 0x0000023441e1e880 Unloading class 0x000002345a38dc00 'java/lang/invoke/LambdaForm$MH+0x000002345a38dc00'
Event: 8.194 Thread 0x0000023441e1e880 Unloading class 0x000002345a38d800 'java/lang/invoke/LambdaForm$MH+0x000002345a38d800'
Event: 8.194 Thread 0x0000023441e1e880 Unloading class 0x000002345a38d400 'java/lang/invoke/LambdaForm$MH+0x000002345a38d400'
Event: 8.194 Thread 0x0000023441e1e880 Unloading class 0x000002345a38d000 'java/lang/invoke/LambdaForm$MH+0x000002345a38d000'
Event: 8.194 Thread 0x0000023441e1e880 Unloading class 0x000002345a38c400 'java/lang/invoke/LambdaForm$DMH+0x000002345a38c400'
Event: 8.194 Thread 0x0000023441e1e880 Unloading class 0x000002345a38c800 'java/lang/invoke/LambdaForm$DMH+0x000002345a38c800'

Classes redefined (0 events):
No events

Internal exceptions (20 events):
Event: 7.345 Thread 0x00000234a13987b0 Exception <a 'java/lang/NoSuchMethodError'{0x00000000d58b4fe0}: 'int java.lang.invoke.DirectMethodHandle$Holder.invokeSpecial(java.lang.Object, java.lang.Object, java.lang.Object, java.lang.Object)'> (0x00000000d58b4fe0) 
thrown [s\src\hotspot\share\interpreter\linkResolver.cpp, line 773]
Event: 7.345 Thread 0x00000234a1395330 Exception <a 'java/lang/NoSuchMethodError'{0x00000000d58c59c0}: 'int java.lang.invoke.DirectMethodHandle$Holder.invokeSpecial(java.lang.Object, java.lang.Object, java.lang.Object, java.lang.Object)'> (0x00000000d58c59c0) 
thrown [s\src\hotspot\share\interpreter\linkResolver.cpp, line 773]
Event: 7.347 Thread 0x00000234a1395330 Exception <a 'java/lang/NoSuchMethodError'{0x00000000d58e3c10}: 'java.lang.Object java.lang.invoke.DirectMethodHandle$Holder.invokeStatic(java.lang.Object, int, java.lang.Object, java.lang.Object)'> (0x00000000d58e3c10) 
thrown [s\src\hotspot\share\interpreter\linkResolver.cpp, line 773]
Event: 7.347 Thread 0x00000234a13987b0 Exception <a 'java/lang/NoSuchMethodError'{0x00000000d58d41f8}: 'java.lang.Object java.lang.invoke.DirectMethodHandle$Holder.invokeStatic(java.lang.Object, int, java.lang.Object, java.lang.Object)'> (0x00000000d58d41f8) 
thrown [s\src\hotspot\share\interpreter\linkResolver.cpp, line 773]
Event: 7.347 Thread 0x00000234a1395330 Exception <a 'java/lang/NoSuchMethodError'{0x00000000d58e7650}: 'java.lang.Object java.lang.invoke.DelegatingMethodHandle$Holder.delegate(java.lang.Object, int, java.lang.Object, java.lang.Object)'> (0x00000000d58e7650) 
thrown [s\src\hotspot\share\interpreter\linkResolver.cpp, line 773]
Event: 7.347 Thread 0x00000234a13987b0 Exception <a 'java/lang/NoSuchMethodError'{0x00000000d58d79c8}: 'java.lang.Object java.lang.invoke.DelegatingMethodHandle$Holder.delegate(java.lang.Object, int, java.lang.Object, java.lang.Object)'> (0x00000000d58d79c8) 
thrown [s\src\hotspot\share\interpreter\linkResolver.cpp, line 773]
Event: 7.349 Thread 0x00000234a1395330 Implicit null exception at 0x000002344cc0f876 to 0x000002344cc0fbac
Event: 7.349 Thread 0x00000234a13987b0 Implicit null exception at 0x000002344cc0f876 to 0x000002344cc0fbac
Event: 7.351 Thread 0x00000234a13987b0 Exception <a 'java/lang/NoSuchMethodError'{0x00000000d58fdf78}: 'int java.lang.invoke.Invokers$Holder.linkToTargetMethod(java.lang.Object, java.lang.Object, java.lang.Object)'> (0x00000000d58fdf78) 
thrown [s\src\hotspot\share\interpreter\linkResolver.cpp, line 773]
Event: 7.351 Thread 0x00000234a1395330 Exception <a 'java/lang/NoSuchMethodError'{0x00000000d590c060}: 'int java.lang.invoke.Invokers$Holder.linkToTargetMethod(java.lang.Object, java.lang.Object, java.lang.Object)'> (0x00000000d590c060) 
thrown [s\src\hotspot\share\interpreter\linkResolver.cpp, line 773]
Event: 8.062 Thread 0x00000234a1398120 Exception <a 'java/lang/NoSuchMethodError'{0x00000000d5befd78}: 'java.lang.Object java.lang.invoke.DirectMethodHandle$Holder.invokeVirtual(java.lang.Object, java.lang.Object, int)'> (0x00000000d5befd78) 
thrown [s\src\hotspot\share\interpreter\linkResolver.cpp, line 773]
Event: 8.137 Thread 0x00000234a13987b0 Exception <a 'java/lang/LinkageError'{0x00000000d5ee7610}: loader lombok.launch.ShadowClassLoader @30dca089 attempted duplicate class definition for lombok.launch.PatchFixesHider$ValPortal. (lombok.launch.PatchFixesHider$ValPortal is in unnamed module of loader lombok.launch.ShadowClassLoader @30dca089, parent loader org.eclipse.osgi.internal.loader.EquinoxClassLoader @5e9f5123)> (0x00000000d5ee7610) 
thrown [s\src\hotspot\share\classfile\systemDictionary.cpp, line 1672]
Event: 8.137 Thread 0x00000234a1398120 Exception <a 'java/lang/LinkageError'{0x00000000d5cafc28}: loader lombok.launch.ShadowClassLoader @30dca089 attempted duplicate class definition for lombok.launch.PatchFixesHider$ValPortal. (lombok.launch.PatchFixesHider$ValPortal is in unnamed module of loader lombok.launch.ShadowClassLoader @30dca089, parent loader org.eclipse.osgi.internal.loader.EquinoxClassLoader @5e9f5123)> (0x00000000d5cafc28) 
thrown [s\src\hotspot\share\classfile\systemDictionary.cpp, line 1672]
Event: 8.482 Thread 0x00000234a1395330 Exception <a 'java/lang/LinkageError'{0x00000000d56ec9a8}: loader lombok.launch.ShadowClassLoader @30dca089 attempted duplicate class definition for lombok.launch.PatchFixesHider$Transform. (lombok.launch.PatchFixesHider$Transform is in unnamed module of loader lombok.launch.ShadowClassLoader @30dca089, parent loader org.eclipse.osgi.internal.loader.EquinoxClassLoader @5e9f5123)> (0x00000000d56ec9a8) 
thrown [s\src\hotspot\share\classfile\systemDictionary.cpp, line 1672]
Event: 8.482 Thread 0x00000234a1398120 Exception <a 'java/lang/LinkageError'{0x00000000d57171d0}: loader lombok.launch.ShadowClassLoader @30dca089 attempted duplicate class definition for lombok.launch.PatchFixesHider$Transform. (lombok.launch.PatchFixesHider$Transform is in unnamed module of loader lombok.launch.ShadowClassLoader @30dca089, parent loader org.eclipse.osgi.internal.loader.EquinoxClassLoader @5e9f5123)> (0x00000000d57171d0) 
thrown [s\src\hotspot\share\classfile\systemDictionary.cpp, line 1672]
Event: 8.986 Thread 0x00000234a13987b0 Implicit null exception at 0x000002344cb0ba9d to 0x000002344cb0c590
Event: 9.208 Thread 0x00000234a1395330 Exception <a 'java/lang/LinkageError'{0x00000000d6409398}: loader lombok.launch.ShadowClassLoader @775798e9 attempted duplicate class definition for lombok.launch.PatchFixesHider$FieldInitializer. (lombok.launch.PatchFixesHider$FieldInitializer is in unnamed module of loader lombok.launch.ShadowClassLoader @775798e9, parent loader org.eclipse.osgi.internal.loader.EquinoxClassLoader @69ef8370)> (0x00000000d6409398) 
thrown [s\src\hotspot\share\classfile\systemDictionary.cpp, line 1672]
Event: 9.208 Thread 0x00000234a13987b0 Exception <a 'java/lang/LinkageError'{0x00000000d63ec738}: loader lombok.launch.ShadowClassLoader @775798e9 attempted duplicate class definition for lombok.launch.PatchFixesHider$FieldInitializer. (lombok.launch.PatchFixesHider$FieldInitializer is in unnamed module of loader lombok.launch.ShadowClassLoader @775798e9, parent loader org.eclipse.osgi.internal.loader.EquinoxClassLoader @69ef8370)> (0x00000000d63ec738) 
thrown [s\src\hotspot\share\classfile\systemDictionary.cpp, line 1672]
Event: 9.252 Thread 0x00000234a13987b0 Exception <a 'java/lang/NoSuchMethodError'{0x00000000d6599be8}: 'java.lang.Object java.lang.invoke.DirectMethodHandle$Holder.invokeSpecial(java.lang.Object, java.lang.Object, java.lang.Object, java.lang.Object, int, java.lang.Object, java.lang.Object)'> (0x00000000d6599be8) 
thrown [s\src\hotspot\share\interpreter\linkResolver.cpp, line 773]
Event: 9.252 Thread 0x00000234a1395330 Exception <a 'java/lang/NoSuchMethodError'{0x00000000d65f03c0}: 'java.lang.Object java.lang.invoke.DirectMethodHandle$Holder.invokeSpecial(java.lang.Object, java.lang.Object, java.lang.Object, java.lang.Object, int, java.lang.Object, java.lang.Object)'> (0x00000000d65f03c0) 
thrown [s\src\hotspot\share\interpreter\linkResolver.cpp, line 773]

ZGC Phase Switch (0 events):
No events

VM Operations (20 events):
Event: 7.639 Executing safepoint VM operation: ParallelGCFailedAllocation (Allocation Failure) done
Event: 7.742 Executing safepoint VM operation: ParallelGCFailedAllocation (Allocation Failure)
Event: 7.746 Executing safepoint VM operation: ParallelGCFailedAllocation (Allocation Failure) done
Event: 7.902 Executing safepoint VM operation: ParallelGCFailedAllocation (Allocation Failure)
Event: 7.907 Executing safepoint VM operation: ParallelGCFailedAllocation (Allocation Failure) done
Event: 8.075 Executing non-safepoint VM operation: HandshakeAllThreads (Deoptimize)
Event: 8.075 Executing non-safepoint VM operation: HandshakeAllThreads (Deoptimize) done
Event: 8.178 Executing safepoint VM operation: CollectForMetadataAllocation (Metadata GC Threshold)
Event: 8.247 Executing safepoint VM operation: CollectForMetadataAllocation (Metadata GC Threshold) done
Event: 8.349 Executing safepoint VM operation: ParallelGCFailedAllocation (Allocation Failure)
Event: 8.350 Executing safepoint VM operation: ParallelGCFailedAllocation (Allocation Failure) done
Event: 8.434 Executing safepoint VM operation: ParallelGCFailedAllocation (Allocation Failure)
Event: 8.435 Executing safepoint VM operation: ParallelGCFailedAllocation (Allocation Failure) done
Event: 8.905 Executing safepoint VM operation: ParallelGCFailedAllocation (Allocation Failure)
Event: 8.906 Executing safepoint VM operation: ParallelGCFailedAllocation (Allocation Failure) done
Event: 9.140 Executing non-safepoint VM operation: HandshakeAllThreads (Deoptimize)
Event: 9.140 Executing non-safepoint VM operation: HandshakeAllThreads (Deoptimize) done
Event: 10.141 Executing safepoint VM operation: Cleanup
Event: 10.142 Executing safepoint VM operation: Cleanup done
Event: 10.367 Executing safepoint VM operation: ParallelGCFailedAllocation (Allocation Failure)

Memory protections (0 events):
No events

Nmethod flushes (20 events):
Event: 8.206 Thread 0x0000023441e1e880 flushing  nmethod 0x000002344539ec90
Event: 8.206 Thread 0x0000023441e1e880 flushing  nmethod 0x00000234453a3a10
Event: 8.206 Thread 0x0000023441e1e880 flushing  nmethod 0x00000234453c1510
Event: 8.206 Thread 0x0000023441e1e880 flushing  nmethod 0x00000234453c1890
Event: 8.206 Thread 0x0000023441e1e880 flushing  nmethod 0x00000234453c8490
Event: 8.206 Thread 0x0000023441e1e880 flushing  nmethod 0x00000234453c9a10
Event: 8.206 Thread 0x0000023441e1e880 flushing  nmethod 0x00000234453c9d90
Event: 8.206 Thread 0x0000023441e1e880 flushing  nmethod 0x00000234453caf10
Event: 8.206 Thread 0x0000023441e1e880 flushing  nmethod 0x00000234453dac90
Event: 8.206 Thread 0x0000023441e1e880 flushing  nmethod 0x00000234453fe290
Event: 8.206 Thread 0x0000023441e1e880 flushing  nmethod 0x00000234453fe590
Event: 8.206 Thread 0x0000023441e1e880 flushing  nmethod 0x0000023445402890
Event: 8.206 Thread 0x0000023441e1e880 flushing  nmethod 0x0000023445434c10
Event: 8.206 Thread 0x0000023441e1e880 flushing  nmethod 0x0000023445435010
Event: 8.206 Thread 0x0000023441e1e880 flushing  nmethod 0x0000023445435990
Event: 8.206 Thread 0x0000023441e1e880 flushing  nmethod 0x0000023445436390
Event: 8.206 Thread 0x0000023441e1e880 flushing  nmethod 0x000002344543fb90
Event: 8.206 Thread 0x0000023441e1e880 flushing  nmethod 0x0000023445445d10
Event: 8.206 Thread 0x0000023441e1e880 flushing  nmethod 0x0000023445448710
Event: 8.206 Thread 0x0000023441e1e880 flushing  nmethod 0x000002344544f010

Events (20 events):
Event: 6.412 Thread 0x0000023441d5dd80 Thread added: 0x00000234a0a28250
Event: 6.413 Thread 0x0000023441d5dd80 Thread added: 0x00000234a0a288e0
Event: 6.415 Thread 0x0000023441d5dd80 Thread added: 0x00000234a0a29600
Event: 6.415 Thread 0x0000023441d5dd80 Thread added: 0x00000234a0a29c90
Event: 6.417 Thread 0x0000023441d5dd80 Thread added: 0x00000234a0a2a320
Event: 6.417 Thread 0x0000023441d5dd80 Thread added: 0x00000234a0a2a9b0
Event: 6.417 Thread 0x0000023441d5dd80 Thread added: 0x00000234a13966e0
Event: 6.417 Thread 0x0000023441d5dd80 Thread added: 0x00000234a1397400
Event: 6.417 Thread 0x0000023441d5dd80 Thread added: 0x00000234a1394610
Event: 6.417 Thread 0x0000023441d5dd80 Thread added: 0x00000234a1393f80
Event: 6.417 Thread 0x0000023441d5dd80 Thread added: 0x00000234a13959c0
Event: 6.433 Thread 0x00000234a0a30b60 Thread added: 0x00000234a1394ca0
Event: 6.444 Thread 0x0000023441d5dd80 Thread added: 0x00000234a1397a90
Event: 6.663 Thread 0x0000023441d5dd80 Thread added: 0x00000234a1396d70
Event: 6.664 Thread 0x0000023441d5dd80 Thread added: 0x00000234a1398120
Event: 6.774 Thread 0x000002349b7aa920 Thread added: 0x00000234a1d15990
Event: 7.012 Thread 0x00000234a1398120 Thread added: 0x00000234a13987b0
Event: 7.014 Thread 0x00000234a1398120 Thread added: 0x00000234a1395330
Event: 8.271 Thread 0x00000234a1d15990 Thread exited: 0x00000234a1d15990
Event: 8.303 Thread 0x000002349b797910 Thread added: 0x00000234a0be8ae0


Dynamic libraries:
0x00007ff7301f0000 - 0x00007ff7301fe000 	c:\Users\DELL\.antigravity-ide\extensions\redhat.java-1.54.0-win32-x64\jre\21.0.10-win32-x86_64\bin\java.exe
0x00007ffa55420000 - 0x00007ffa55687000 	C:\WINDOWS\SYSTEM32\ntdll.dll
0x00007ffa53b60000 - 0x00007ffa53c29000 	C:\WINDOWS\System32\KERNEL32.DLL
0x00007ffa51e80000 - 0x00007ffa52277000 	C:\WINDOWS\System32\KERNELBASE.dll
0x00007ffa52510000 - 0x00007ffa5265b000 	C:\WINDOWS\System32\ucrtbase.dll
0x00007ffa21270000 - 0x00007ffa2128e000 	c:\Users\DELL\.antigravity-ide\extensions\redhat.java-1.54.0-win32-x64\jre\21.0.10-win32-x86_64\bin\VCRUNTIME140.dll
0x00007ffa40210000 - 0x00007ffa40228000 	c:\Users\DELL\.antigravity-ide\extensions\redhat.java-1.54.0-win32-x64\jre\21.0.10-win32-x86_64\bin\jli.dll
0x00007ffa54230000 - 0x00007ffa543f6000 	C:\WINDOWS\System32\USER32.dll
0x00007ffa51e50000 - 0x00007ffa51e77000 	C:\WINDOWS\System32\win32u.dll
0x00007ffa2b250000 - 0x00007ffa2b4e2000 	C:\WINDOWS\WinSxS\amd64_microsoft.windows.common-controls_6595b64144ccf1df_6.0.26100.8457_none_3e0b2faee331e92d\COMCTL32.dll
0x00007ffa53c30000 - 0x00007ffa53c5b000 	C:\WINDOWS\System32\GDI32.dll
0x00007ffa54da0000 - 0x00007ffa54e49000 	C:\WINDOWS\System32\msvcrt.dll
0x00007ffa523e0000 - 0x00007ffa5250c000 	C:\WINDOWS\System32\gdi32full.dll
0x00007ffa52330000 - 0x00007ffa523d3000 	C:\WINDOWS\System32\msvcp_win.dll
0x00007ffa544b0000 - 0x00007ffa544e2000 	C:\WINDOWS\System32\IMM32.DLL
0x00007ffa4cc80000 - 0x00007ffa4cc8c000 	c:\Users\DELL\.antigravity-ide\extensions\redhat.java-1.54.0-win32-x64\jre\21.0.10-win32-x86_64\bin\vcruntime140_1.dll
0x00007ff9f6be0000 - 0x00007ff9f6c6d000 	c:\Users\DELL\.antigravity-ide\extensions\redhat.java-1.54.0-win32-x64\jre\21.0.10-win32-x86_64\bin\msvcp140.dll
0x00007ff981460000 - 0x00007ff982201000 	c:\Users\DELL\.antigravity-ide\extensions\redhat.java-1.54.0-win32-x64\jre\21.0.10-win32-x86_64\bin\server\jvm.dll
0x00007ffa54170000 - 0x00007ffa54226000 	C:\WINDOWS\System32\ADVAPI32.dll
0x00007ffa54400000 - 0x00007ffa544a7000 	C:\WINDOWS\System32\sechost.dll
0x00007ffa544f0000 - 0x00007ffa54608000 	C:\WINDOWS\System32\RPCRT4.dll
0x00007ffa537e0000 - 0x00007ffa53860000 	C:\WINDOWS\System32\WS2_32.dll
0x00007ffa4d350000 - 0x00007ffa4d386000 	C:\WINDOWS\SYSTEM32\WINMM.dll
0x00007ffa51cb0000 - 0x00007ffa51d0e000 	C:\WINDOWS\SYSTEM32\POWRPROF.dll
0x00007ffa3dbf0000 - 0x00007ffa3dbfb000 	C:\WINDOWS\SYSTEM32\VERSION.dll
0x00007ffa51c90000 - 0x00007ffa51ca4000 	C:\WINDOWS\SYSTEM32\UMPDC.dll
0x00007ffa50be0000 - 0x00007ffa50bfb000 	C:\WINDOWS\SYSTEM32\kernel.appcore.dll
0x00007ffa132a0000 - 0x00007ffa132aa000 	c:\Users\DELL\.antigravity-ide\extensions\redhat.java-1.54.0-win32-x64\jre\21.0.10-win32-x86_64\bin\jimage.dll
0x00007ffa4fcc0000 - 0x00007ffa4ff02000 	C:\WINDOWS\SYSTEM32\DBGHELP.DLL
0x00007ffa53380000 - 0x00007ffa53703000 	C:\WINDOWS\System32\combase.dll
0x00007ffa53260000 - 0x00007ffa53339000 	C:\WINDOWS\System32\OLEAUT32.dll
0x00007ffa28c60000 - 0x00007ffa28c9b000 	C:\WINDOWS\SYSTEM32\dbgcore.DLL
0x00007ffa52280000 - 0x00007ffa52328000 	C:\WINDOWS\System32\bcryptPrimitives.dll
0x00007ffa13290000 - 0x00007ffa1329f000 	c:\Users\DELL\.antigravity-ide\extensions\redhat.java-1.54.0-win32-x64\jre\21.0.10-win32-x86_64\bin\instrument.dll
0x00007ffa082e0000 - 0x00007ffa08300000 	c:\Users\DELL\.antigravity-ide\extensions\redhat.java-1.54.0-win32-x64\jre\21.0.10-win32-x86_64\bin\java.dll
0x00007ffa54620000 - 0x00007ffa54d8e000 	C:\WINDOWS\System32\SHELL32.dll
0x00007ffa528a0000 - 0x00007ffa5310c000 	C:\WINDOWS\System32\windows.storage.dll
0x00007ffa53c60000 - 0x00007ffa53d56000 	C:\WINDOWS\System32\SHCORE.dll
0x00007ffa53a50000 - 0x00007ffa53ab6000 	C:\WINDOWS\System32\shlwapi.dll
0x00007ffa51d70000 - 0x00007ffa51d99000 	C:\WINDOWS\SYSTEM32\profapi.dll
0x00007ffa06ac0000 - 0x00007ffa06ad8000 	c:\Users\DELL\.antigravity-ide\extensions\redhat.java-1.54.0-win32-x64\jre\21.0.10-win32-x86_64\bin\zip.dll
0x00007ffa13050000 - 0x00007ffa13060000 	C:\Users\DELL\.antigravity-ide\extensions\redhat.java-1.54.0-win32-x64\jre\21.0.10-win32-x86_64\bin\net.dll
0x00007ffa45740000 - 0x00007ffa45869000 	C:\WINDOWS\SYSTEM32\WINHTTP.dll
0x00007ffa51150000 - 0x00007ffa511bc000 	C:\WINDOWS\system32\mswsock.dll
0x00007ffa05490000 - 0x00007ffa054a6000 	C:\Users\DELL\.antigravity-ide\extensions\redhat.java-1.54.0-win32-x64\jre\21.0.10-win32-x86_64\bin\nio.dll
0x00007ffa12ed0000 - 0x00007ffa12ee0000 	c:\Users\DELL\.antigravity-ide\extensions\redhat.java-1.54.0-win32-x64\jre\21.0.10-win32-x86_64\bin\verify.dll
0x00007ff9f73c0000 - 0x00007ff9f7405000 	C:\Users\DELL\AppData\Roaming\Antigravity IDE\User\globalStorage\redhat.java\1.54.0\config_ss_win\org.eclipse.equinox.launcher\org.eclipse.equinox.launcher.win32.win32.x86_64_1.3.0.v20260203-2149\eclipse_11919.dll
0x00007ffa53f50000 - 0x00007ffa540e7000 	C:\WINDOWS\System32\ole32.dll
0x00007ffa51430000 - 0x00007ffa5144b000 	C:\WINDOWS\SYSTEM32\CRYPTSP.dll
0x00007ffa50b40000 - 0x00007ffa50b79000 	C:\WINDOWS\system32\rsaenh.dll
0x00007ffa51200000 - 0x00007ffa51233000 	C:\WINDOWS\SYSTEM32\USERENV.dll
0x00007ffa51d40000 - 0x00007ffa51d6a000 	C:\WINDOWS\SYSTEM32\bcrypt.dll
0x00007ffa51450000 - 0x00007ffa5145c000 	C:\WINDOWS\SYSTEM32\CRYPTBASE.dll
0x00007ffa505f0000 - 0x00007ffa50622000 	C:\WINDOWS\SYSTEM32\IPHLPAPI.DLL
0x00007ffa54610000 - 0x00007ffa5461a000 	C:\WINDOWS\System32\NSI.dll
0x00007ff9f45c0000 - 0x00007ff9f4609000 	C:\Users\DELL\AppData\Local\Temp\jna-2094529\jna10691999951922011061.dll
0x00007ffa53340000 - 0x00007ffa53348000 	C:\WINDOWS\System32\PSAPI.DLL
0x00007ffa4b940000 - 0x00007ffa4b95d000 	C:\WINDOWS\SYSTEM32\dhcpcsvc6.DLL
0x00007ffa4b820000 - 0x00007ffa4b845000 	C:\WINDOWS\SYSTEM32\dhcpcsvc.DLL

JVMTI agents:
c:\Users\DELL\.antigravity-ide\extensions\redhat.java-1.54.0-win32-x64\lombok\lombok-1.18.39-4050.jar path:c:\Users\DELL\.antigravity-ide\extensions\redhat.java-1.54.0-win32-x64\jre\21.0.10-win32-x86_64\bin\instrument.dll, loaded, initialized, instrumentlib options:none

dbghelp: loaded successfully - version: 4.0.5 - missing functions: none
symbol engine: initialized successfully - sym options: 0x614 - pdb path: .;c:\Users\DELL\.antigravity-ide\extensions\redhat.java-1.54.0-win32-x64\jre\21.0.10-win32-x86_64\bin;C:\WINDOWS\SYSTEM32;C:\WINDOWS\WinSxS\amd64_microsoft.windows.common-controls_6595b64144ccf1df_6.0.26100.8457_none_3e0b2faee331e92d;c:\Users\DELL\.antigravity-ide\extensions\redhat.java-1.54.0-win32-x64\jre\21.0.10-win32-x86_64\bin\server;C:\Users\DELL\AppData\Roaming\Antigravity IDE\User\globalStorage\redhat.java\1.54.0\config_ss_win\org.eclipse.equinox.launcher\org.eclipse.equinox.launcher.win32.win32.x86_64_1.3.0.v20260203-2149;C:\Users\DELL\AppData\Local\Temp\jna-2094529

VM Arguments:
jvm_args: --add-modules=ALL-SYSTEM --add-opens=java.base/java.util=ALL-UNNAMED --add-opens=java.base/java.lang=ALL-UNNAMED --add-opens=java.base/sun.nio.fs=ALL-UNNAMED -Declipse.application=org.eclipse.jdt.ls.core.id1 -Dosgi.bundles.defaultStartLevel=4 -Declipse.product=org.eclipse.jdt.ls.core.product -Djava.import.generatesMetadataFilesAtProjectRoot=false -DDetectVMInstallationsJob.disabled=true -Dfile.encoding=utf8 -XX:+UseParallelGC -XX:GCTimeRatio=4 -XX:AdaptiveSizePolicyWeight=90 -Dsun.zip.disableMemoryMapping=true -Xmx2G -Xms100m -Xlog:disable -javaagent:c:\Users\DELL\.antigravity-ide\extensions\redhat.java-1.54.0-win32-x64\lombok\lombok-1.18.39-4050.jar 
java_command: c:\Users\DELL\.antigravity-ide\extensions\redhat.java-1.54.0-win32-x64\server\plugins\org.eclipse.equinox.launcher_1.7.100.v20251111-0406.jar -configuration c:\Users\DELL\AppData\Roaming\Antigravity IDE\User\globalStorage\redhat.java\1.54.0\config_ss_win -data c:\Users\DELL\AppData\Roaming\Antigravity IDE\User\workspaceStorage\abd115632e31190b15b7e8e5bd60e4c9\redhat.java\ss_ws --pipe=\\.\pipe\lsp-7ee90845e54bddfbbf20259da51e76e6-sock
java_class_path (initial): c:\Users\DELL\.antigravity-ide\extensions\redhat.java-1.54.0-win32-x64\server\plugins\org.eclipse.equinox.launcher_1.7.100.v20251111-0406.jar
Launcher Type: SUN_STANDARD

[Global flags]
    uintx AdaptiveSizePolicyWeight                 = 90                                        {product} {command line}
     intx CICompilerCount                          = 4                                         {product} {ergonomic}
    uintx GCTimeRatio                              = 4                                         {product} {command line}
   size_t InitialHeapSize                          = 104857600                                 {product} {command line}
   size_t MaxHeapSize                              = 2147483648                                {product} {command line}
   size_t MaxNewSize                               = 715653120                                 {product} {ergonomic}
   size_t MinHeapDeltaBytes                        = 524288                                    {product} {ergonomic}
   size_t MinHeapSize                              = 104857600                                 {product} {command line}
   size_t NewSize                                  = 34603008                                  {product} {ergonomic}
    uintx NonNMethodCodeHeapSize                   = 5839372                                {pd product} {ergonomic}
    uintx NonProfiledCodeHeapSize                  = 122909434                              {pd product} {ergonomic}
   size_t OldSize                                  = 70254592                                  {product} {ergonomic}
    uintx ProfiledCodeHeapSize                     = 122909434                              {pd product} {ergonomic}
    uintx ReservedCodeCacheSize                    = 251658240                              {pd product} {ergonomic}
     bool SegmentedCodeCache                       = true                                      {product} {ergonomic}
   size_t SoftMaxHeapSize                          = 2147483648                             {manageable} {ergonomic}
     bool UseCompressedOops                        = true                           {product lp64_product} {ergonomic}
     bool UseLargePagesIndividualAllocation        = false                                  {pd product} {ergonomic}
     bool UseParallelGC                            = true                                      {product} {command line}

Logging:
Log output configuration:
 #0: stdout all=off uptime,level,tags foldmultilines=false
 #1: stderr all=off uptime,level,tags foldmultilines=false

Release file:
JAVA_VERSION="21.0.10" 
MODULES="java.base java.compiler java.datatransfer java.xml java.prefs java.desktop java.instrument java.logging java.management java.security.sasl java.naming java.rmi java.management.rmi java.net.http java.scripting java.security.jgss java.transaction.xa java.sql java.sql.rowset java.xml.crypto java.se java.smartcardio jdk.accessibility jdk.internal.jvmstat jdk.attach jdk.charsets jdk.internal.opt jdk.zipfs jdk.compiler jdk.crypto.ec jdk.crypto.cryptoki jdk.crypto.mscapi jdk.dynalink jdk.internal.ed jdk.editpad jdk.hotspot.agent jdk.httpserver jdk.internal.le jdk.internal.vm.ci jdk.internal.vm.compiler jdk.internal.vm.compiler.management jdk.jartool jdk.javadoc jdk.jcmd jdk.management jdk.management.agent jdk.jconsole jdk.jdeps jdk.jdwp.agent jdk.jdi jdk.jfr jdk.jshell jdk.jsobject jdk.jstatd jdk.localedata jdk.management.jfr jdk.naming.dns jdk.naming.rmi jdk.net jdk.nio.mapmode jdk.random jdk.sctp jdk.security.auth jdk.security.jgss jdk.unsupported jdk.unsupported.desktop jdk.xml.dom" 

Environment Variables:
PATH=C:\Python314\Scripts\;C:\Python314\;C:\Program Files\Common Files\Oracle\Java\javapath;C:\WINDOWS\system32;C:\WINDOWS;C:\WINDOWS\System32\Wbem;C:\WINDOWS\System32\WindowsPowerShell\v1.0\;C:\WINDOWS\System32\OpenSSH\;C:\MinGW\bin;C:\Program Files\Tesseract-OCR;C:\Program Files\Git\cmd;C:\Program Files (x86)\Microsoft SQL Server\160\Tools\Binn\;C:\Program Files\Microsoft SQL Server\160\Tools\Binn\;C:\Program Files\Microsoft SQL Server\Client SDK\ODBC\170\Tools\Binn\;C:\Program Files\Microsoft SQL Server\160\DTS\Binn\;C:\Program Files (x86)\Microsoft SQL Server\160\DTS\Binn\;C:\Program Files\dotnet\;C:\Program Files\nodejs\;C:\ProgramData\chocolatey\bin;C:\Program Files\Cloudflare\Cloudflare WARP\;C:\Users\DELL\.local\bin;C:\Users\DELL\AppData\Local\Programs\Python\Python313\Scripts\;C:\Users\DELL\AppData\Local\Programs\Python\Python313\;C:\Users\DELL\AppData\Local\Microsoft\WindowsApps;C:\Users\DELL\AppData\Local\GitHubDesktop\bin;C:\MinGW\bin;C:\Users\DELL\AppData\Local\Programs\Microsoft VS Code\bin;C:\Program Files\JetBrains\IntelliJ IDEA Community Edition 2024.3.5\bin;;D:\wd c sang d\Documents\Windsurf\bin;D:\Antigravity\bin;C:\Users\DELL\AppData\Roaming\npm;C:\Users\DELL\AppData\Local\Programs\Antigravity IDE\bin;C:\Users\DELL\AppData\Local\Programs\Kiro\bin
USERNAME=DELL
OS=Windows_NT
PROCESSOR_IDENTIFIER=Intel64 Family 6 Model 154 Stepping 4, GenuineIntel
TMP=C:\Users\DELL\AppData\Local\Temp
TEMP=C:\Users\DELL\AppData\Local\Temp




Periodic native trim disabled

---------------  S Y S T E M  ---------------

OS:
 Windows 11 , 64 bit Build 26100 (10.0.26100.8328)
OS uptime: 0 days 2:34 hours

CPU: total 12 (initial active 12) (6 cores per cpu, 2 threads per core) family 6 model 154 stepping 4 microcode 0x43b, cx8, cmov, fxsr, ht, mmx, 3dnowpref, sse, sse2, sse3, ssse3, sse4.1, sse4.2, popcnt, lzcnt, tsc, tscinvbit, avx, avx2, aes, erms, clmul, bmi1, bmi2, adx, sha, fma, vzeroupper, clflush, clflushopt, clwb, serialize, rdtscp, rdpid, fsrm, f16c, pku, cet_ibt, cet_ss
Processor Information for the first 12 processors :
  Max Mhz: 1300, Current Mhz: 1300, Mhz Limit: 1300

Memory: 4k page, system-wide physical 16068M (2388M free)
TotalPageFile size 17948M (AvailPageFile size 337M)
current process WorkingSet (physical memory assigned to process): 199M, peak: 226M
current process commit charge ("private bytes"): 315M, peak: 346M

vm_info: OpenJDK 64-Bit Server VM (21.0.10+7-LTS) for windows-amd64 JRE (21.0.10+7-LTS), built on 2026-01-20T00:00:00Z by "admin" with MS VC++ 17.12 (VS2022)

END.
